Archive member included to satisfy reference by file (symbol)

c:/nxp/mcuxpressoide_11.5.0_7232/ide/plugins/com.nxp.mcuxpresso.tools.win32_11.5.0.202107051138/tools/bin/../lib/gcc/arm-none-eabi/10.3.1/../../../../arm-none-eabi/lib/thumb/v7e-m+fp/hard\libcr_nohost_nf.a(_cr__main.o)
                              ./startup/startup_mk64f12.o (__main)
c:/nxp/mcuxpressoide_11.5.0_7232/ide/plugins/com.nxp.mcuxpresso.tools.win32_11.5.0.202107051138/tools/bin/../lib/gcc/arm-none-eabi/10.3.1/../../../../arm-none-eabi/lib/thumb/v7e-m+fp/hard\libcr_nohost_nf.a(_cr_assert.o)
                              ./source/ADC.o (__assertion_failed)
c:/nxp/mcuxpressoide_11.5.0_7232/ide/plugins/com.nxp.mcuxpresso.tools.win32_11.5.0.202107051138/tools/bin/../lib/gcc/arm-none-eabi/10.3.1/../../../../arm-none-eabi/lib/thumb/v7e-m+fp/hard\libcr_nohost_nf.a(__ciob.o)
                              c:/nxp/mcuxpressoide_11.5.0_7232/ide/plugins/com.nxp.mcuxpresso.tools.win32_11.5.0.202107051138/tools/bin/../lib/gcc/arm-none-eabi/10.3.1/../../../../arm-none-eabi/lib/thumb/v7e-m+fp/hard\libcr_nohost_nf.a(_cr_assert.o) (__Ciob)
c:/nxp/mcuxpressoide_11.5.0_7232/ide/plugins/com.nxp.mcuxpresso.tools.win32_11.5.0.202107051138/tools/bin/../lib/gcc/arm-none-eabi/10.3.1/../../../../arm-none-eabi/lib/thumb/v7e-m+fp/hard\libcr_nohost_nf.a(__sys_appexit.o)
                              c:/nxp/mcuxpressoide_11.5.0_7232/ide/plugins/com.nxp.mcuxpresso.tools.win32_11.5.0.202107051138/tools/bin/../lib/gcc/arm-none-eabi/10.3.1/../../../../arm-none-eabi/lib/thumb/v7e-m+fp/hard\libcr_nohost_nf.a(_cr_assert.o) (__sys_appexit)
c:/nxp/mcuxpressoide_11.5.0_7232/ide/plugins/com.nxp.mcuxpresso.tools.win32_11.5.0.202107051138/tools/bin/../lib/gcc/arm-none-eabi/10.3.1/../../../../arm-none-eabi/lib/thumb/v7e-m+fp/hard\libcr_c.a(memcpy.o)
                              ./utilities/fsl_str.o (memcpy)
c:/nxp/mcuxpressoide_11.5.0_7232/ide/plugins/com.nxp.mcuxpresso.tools.win32_11.5.0.202107051138/tools/bin/../lib/gcc/arm-none-eabi/10.3.1/../../../../arm-none-eabi/lib/thumb/v7e-m+fp/hard\libcr_c.a(memset.o)
                              ./utilities/fsl_debug_console.o (memset)
c:/nxp/mcuxpressoide_11.5.0_7232/ide/plugins/com.nxp.mcuxpresso.tools.win32_11.5.0.202107051138/tools/bin/../lib/gcc/arm-none-eabi/10.3.1/../../../../arm-none-eabi/lib/thumb/v7e-m+fp/hard\libcr_c.a(_deferredlazyseek.o)
                              c:/nxp/mcuxpressoide_11.5.0_7232/ide/plugins/com.nxp.mcuxpresso.tools.win32_11.5.0.202107051138/tools/bin/../lib/gcc/arm-none-eabi/10.3.1/../../../../arm-none-eabi/lib/thumb/v7e-m+fp/hard\libcr_nohost_nf.a(_cr_assert.o) (__flsbuf)
c:/nxp/mcuxpressoide_11.5.0_7232/ide/plugins/com.nxp.mcuxpresso.tools.win32_11.5.0.202107051138/tools/bin/../lib/gcc/arm-none-eabi/10.3.1/../../../../arm-none-eabi/lib/thumb/v7e-m+fp/hard\libcr_c.a(_fflush.o)
                              c:/nxp/mcuxpressoide_11.5.0_7232/ide/plugins/com.nxp.mcuxpresso.tools.win32_11.5.0.202107051138/tools/bin/../lib/gcc/arm-none-eabi/10.3.1/../../../../arm-none-eabi/lib/thumb/v7e-m+fp/hard\libcr_c.a(_deferredlazyseek.o) (_fflush)
c:/nxp/mcuxpressoide_11.5.0_7232/ide/plugins/com.nxp.mcuxpresso.tools.win32_11.5.0.202107051138/tools/bin/../lib/gcc/arm-none-eabi/10.3.1/../../../../arm-none-eabi/lib/thumb/v7e-m+fp/hard\libcr_c.a(_writebuf.o)
                              c:/nxp/mcuxpressoide_11.5.0_7232/ide/plugins/com.nxp.mcuxpresso.tools.win32_11.5.0.202107051138/tools/bin/../lib/gcc/arm-none-eabi/10.3.1/../../../../arm-none-eabi/lib/thumb/v7e-m+fp/hard\libcr_c.a(_deferredlazyseek.o) (_Cwritebuf)
c:/nxp/mcuxpressoide_11.5.0_7232/ide/plugins/com.nxp.mcuxpresso.tools.win32_11.5.0.202107051138/tools/bin/../lib/gcc/arm-none-eabi/10.3.1/../../../../arm-none-eabi/lib/thumb/v7e-m+fp/hard\libcr_c.a(alloc.o)
                              ./drivers/fsl_common.o (malloc)
c:/nxp/mcuxpressoide_11.5.0_7232/ide/plugins/com.nxp.mcuxpresso.tools.win32_11.5.0.202107051138/tools/bin/../lib/gcc/arm-none-eabi/10.3.1/../../../../arm-none-eabi/lib/thumb/v7e-m+fp/hard\libcr_c.a(errno.o)
                              ./utilities/fsl_str.o (errno)
c:/nxp/mcuxpressoide_11.5.0_7232/ide/plugins/com.nxp.mcuxpresso.tools.win32_11.5.0.202107051138/tools/bin/../lib/gcc/arm-none-eabi/10.3.1/../../../../arm-none-eabi/lib/thumb/v7e-m+fp/hard\libcr_c.a(fputs.o)
                              c:/nxp/mcuxpressoide_11.5.0_7232/ide/plugins/com.nxp.mcuxpresso.tools.win32_11.5.0.202107051138/tools/bin/../lib/gcc/arm-none-eabi/10.3.1/../../../../arm-none-eabi/lib/thumb/v7e-m+fp/hard\libcr_nohost_nf.a(_cr_assert.o) (fputs)
c:/nxp/mcuxpressoide_11.5.0_7232/ide/plugins/com.nxp.mcuxpresso.tools.win32_11.5.0.202107051138/tools/bin/../lib/gcc/arm-none-eabi/10.3.1/../../../../arm-none-eabi/lib/thumb/v7e-m+fp/hard\libcr_c.a(fseek.o)
[...]
Memory Configuration

Name             Origin             Length             Attributes
PROGRAM_FLASH    0x00000000         0x00100000         xr
SRAM_UPPER       0x20000000         0x00030000         xrw
SRAM_LOWER       0x1fff0000         0x00010000         xrw
FLEX_RAM         0x14000000         0x00001000         xrw
*default*        0x00000000         0xffffffff

Linker script and memory map

LOAD ./utilities/fsl_debug_console.o
LOAD ./utilities/fsl_str.o
LOAD ./startup/startup_mk64f12.o
LOAD ./source/ADC.o
LOAD ./source/Correlacion.o
LOAD ./source/LCD_nokia.o
LOAD ./source/LED.o
LOAD ./source/NVIC.o
LOAD ./source/PIT.o
LOAD ./source/RGB.o
LOAD ./source/SPI.o
LOAD ./source/main.o
LOAD ./source/semihost_hardfault.o
LOAD ./drivers/fsl_adc16.o
LOAD ./drivers/fsl_clock.o
LOAD ./drivers/fsl_common.o
LOAD ./drivers/fsl_common_arm.o
LOAD ./drivers/fsl_dspi.o
LOAD ./drivers/fsl_ftm.o
LOAD ./drivers/fsl_gpio.o
LOAD ./drivers/fsl_i2c.o
LOAD ./drivers/fsl_pit.o
LOAD ./drivers/fsl_smc.o
LOAD ./drivers/fsl_uart.o
LOAD ./device/system_MK64F12.o
LOAD ./component/uart/fsl_adapter_uart.o
LOAD ./component/serial_manager/fsl_component_serial_manager.o
LOAD ./component/serial_manager/fsl_component_serial_port_uart.o
LOAD ./component/lists/fsl_component_generic_list.o
LOAD ./board/board.o
LOAD ./board/clock_config.o
LOAD ./board/peripherals.o
LOAD ./board/pin_mux.o
START GROUP
LOAD c:/nxp/mcuxpressoide_11.5.0_7232/ide/plugins/com.nxp.mcuxpresso.tools.win32_11.5.0.202107051138/tools/bin/../lib/gcc/arm-none-eabi/10.3.1/../../../../arm-none-eabi/lib/thumb/v7e-m+fp/hard\libcr_nohost_nf.a
LOAD c:/nxp/mcuxpressoide_11.5.0_7232/ide/plugins/com.nxp.mcuxpresso.tools.win32_11.5.0.202107051138/tools/bin/../lib/gcc/arm-none-eabi/10.3.1/../../../../arm-none-eabi/lib/thumb/v7e-m+fp/hard\libcr_c.a
LOAD c:/nxp/mcuxpressoide_11.5.0_7232/ide/plugins/com.nxp.mcuxpresso.tools.win32_11.5.0.202107051138/tools/bin/../lib/gcc/arm-none-eabi/10.3.1/thumb/v7e-m+fp/hard\libcr_eabihelpers.a
LOAD c:/nxp/mcuxpressoide_11.5.0_7232/ide/plugins/com.nxp.mcuxpresso.tools.win32_11.5.0.202107051138/tools/bin/../lib/gcc/arm-none-eabi/10.3.1/thumb/v7e-m+fp/hard\libgcc.a
END GROUP
                0x00000000                __base_PROGRAM_FLASH = 0x0
                0x00000000                __base_Flash = 0x0
                0x00100000                __top_PROGRAM_FLASH = 0x100000
                0x00100000                __top_Flash = 0x100000
                0x20000000                __base_SRAM_UPPER = 0x20000000
                0x20000000                __base_RAM = 0x20000000
                0x20030000                __top_SRAM_UPPER = 0x20030000
                0x20030000                __top_RAM = 0x20030000
                0x1fff0000                __base_SRAM_LOWER = 0x1fff0000
                0x1fff0000                __base_RAM2 = 0x1fff0000
                0x20000000                __top_SRAM_LOWER = 0x20000000
                0x20000000                __top_RAM2 = 0x20000000
                0x14000000                __base_FLEX_RAM = 0x14000000
                0x14000000                __base_RAM3 = 0x14000000
                0x14001000                __top_FLEX_RAM = 0x14001000
                0x14001000                __top_RAM3 = 0x14001000

.text           0x00000000     0x4b90
 FILL mask 0xff
                0x00000000                __vectors_start__ = ABSOLUTE (.)
 *(SORT_BY_ALIGNMENT(.isr_vector))
 .isr_vector    0x00000000      0x198 ./startup/startup_mk64f12.o
                0x00000000                g_pfnVectors
                0x00000000                __Vectors
                0x00000198                . = ALIGN (0x4)
                0x00000198                __section_table_start = .
                0x00000198                __data_section_table = .
                0x00000198        0x4 LONG 0x4b90 LOADADDR (.data)
                0x0000019c        0x4 LONG 0x20000000 ADDR (.data)
                0x000001a0        0x4 LONG 0x8 SIZEOF (.data)
                0x000001a4        0x4 LONG 0x4b90 LOADADDR (.data_RAM2)
                0x000001a8        0x4 LONG 0x1fff0000 ADDR (.data_RAM2)
                0x000001ac        0x4 LONG 0x0 SIZEOF (.data_RAM2)
                0x000001b0        0x4 LONG 0x4b90 LOADADDR (.data_RAM3)
                0x000001b4        0x4 LONG 0x14000000 ADDR (.data_RAM3)
                0x000001b8        0x4 LONG 0x0 SIZEOF (.data_RAM3)
                0x000001bc                __data_section_table_end = .
                0x000001bc                __bss_section_table = .
                0x000001bc        0x4 LONG 0x20000008 ADDR (.bss)
                0x000001c0        0x4 LONG 0xda0 SIZEOF (.bss)
                0x000001c4        0x4 LONG 0x1fff0000 ADDR (.bss_RAM2)
                0x000001c8        0x4 LONG 0x0 SIZEOF (.bss_RAM2)
                0x000001cc        0x4 LONG 0x14000000 ADDR (.bss_RAM3)
                0x000001d0        0x4 LONG 0x0 SIZEOF (.bss_RAM3)
                0x000001d4                __bss_section_table_end = .
                0x000001d4                __section_table_end = .
 *(SORT_BY_ALIGNMENT(.after_vectors*))
 .after_vectors.reset
                0x000001d4       0x4c ./startup/startup_mk64f12.o
                0x000001d4                ResetISR
 .after_vectors.init_data
                0x00000220       0x1e ./startup/startup_mk64f12.o
                0x00000220                data_init
 .after_vectors.init_bss
                0x0000023e       0x12 ./startup/startup_mk64f12.o
                0x0000023e                bss_init
 .after_vectors
                0x00000250       0x14 ./startup/startup_mk64f12.o
                0x00000250                NMI_Handler
                0x00000254                MemManage_Handler
                0x00000256                BusFault_Handler
                0x00000258                UsageFault_Handler
                0x0000025a                SVC_Handler
                0x0000025c                DebugMon_Handler
                0x0000025e                PendSV_Handler
                0x00000260                SysTick_Handler
                0x00000262                DMA_Error_DriverIRQHandler
                0x00000262                FTM1_DriverIRQHandler
                0x00000262                FTM2_DriverIRQHandler
                0x00000262                PIT2_DriverIRQHandler
                0x00000262                SDHC_DriverIRQHandler
                0x00000262                I2S0_Tx_DriverIRQHandler
                0x00000262                RTC_Seconds_DriverIRQHandler
                0x00000262                DMA6_DriverIRQHandler
                0x00000262                LLWU_DriverIRQHandler
                0x00000262                MCM_DriverIRQHandler
                0x00000262                MCG_DriverIRQHandler
                0x00000262                ENET_1588_Timer_DriverIRQHandler
                0x00000262                DAC1_DriverIRQHandler
                0x00000262                LPTMR0_DriverIRQHandler
                0x00000262                CMP1_DriverIRQHandler
                0x00000262                FTM0_DriverIRQHandler
                0x00000262                IntDefaultHandler
                0x00000262                USB0_DriverIRQHandler
                0x00000262                UART5_ERR_DriverIRQHandler
                0x00000262                PORTC_DriverIRQHandler
                0x00000262                DMA11_DriverIRQHandler
                0x00000262                DAC0_DriverIRQHandler
                0x00000262                DMA10_DriverIRQHandler
                0x00000262                CMP2_DriverIRQHandler
                0x00000262                UART2_ERR_DriverIRQHandler
                0x00000262                LVD_LVW_DriverIRQHandler
                0x00000262                PIT0_DriverIRQHandler
                0x00000262                DMA12_DriverIRQHandler
                0x00000262                DMA5_DriverIRQHandler
                0x00000262                DMA4_DriverIRQHandler
                0x00000262                USBDCD_DriverIRQHandler
                0x00000262                UART3_ERR_DriverIRQHandler
                0x00000262                DMA3_DriverIRQHandler
                0x00000262                DMA8_DriverIRQHandler
                0x00000262                DMA9_DriverIRQHandler
                0x00000262                UART0_ERR_DriverIRQHandler
                0x00000262                CMT_DriverIRQHandler
                0x00000262                Reserved71_DriverIRQHandler
                0x00000262                ADC1_DriverIRQHandler
                0x00000262                PORTA_DriverIRQHandler
                0x00000262                DMA14_DriverIRQHandler
                0x00000262                PIT3_DriverIRQHandler
                0x00000262                PIT1_DriverIRQHandler
                0x00000262                WDOG_EWM_DriverIRQHandler
                0x00000262                PDB0_DriverIRQHandler
                0x00000262                RTC_DriverIRQHandler
                0x00000262                I2S0_Rx_DriverIRQHandler
                0x00000262                Read_Collision_DriverIRQHandler
                0x00000262                SWI_DriverIRQHandler
                0x00000262                UART4_ERR_DriverIRQHandler
                0x00000262                PORTB_DriverIRQHandler
                0x00000262                UART0_LON_DriverIRQHandler
                0x00000262                DMA0_DriverIRQHandler
                0x00000262                DMA1_DriverIRQHandler
                0x00000262                ENET_Receive_DriverIRQHandler
                0x00000262                DMA13_DriverIRQHandler
                0x00000262                ENET_Error_DriverIRQHandler
                0x00000262                DMA15_DriverIRQHandler
                0x00000262                ADC0_DriverIRQHandler
                0x00000262                CMP0_DriverIRQHandler
                0x00000262                CAN0_DriverIRQHandler
                0x00000262                FTM3_DriverIRQHandler
                0x00000262                RNG_DriverIRQHandler
                0x00000262                UART1_ERR_DriverIRQHandler
                0x00000262                DMA2_DriverIRQHandler
                0x00000262                ENET_Transmit_DriverIRQHandler
                0x00000262                PORTD_DriverIRQHandler
                0x00000262                PORTE_DriverIRQHandler
                0x00000262                FTFE_DriverIRQHandler
                0x00000262                DMA7_DriverIRQHandler
                0x00000400                . = 0x400
 *fill*         0x00000264      0x19c ff
                0x00000400                PROVIDE (__FLASH_CONFIG_START__ = .)
 *(SORT_BY_ALIGNMENT(.FlashConfig))
 .FlashConfig   0x00000400       0x10 ./startup/startup_mk64f12.o
                0x00000400                Flash_Config
                0x00000410                PROVIDE (__FLASH_CONFIG_END__ = .)
                0x00000001                ASSERT (! ((__FLASH_CONFIG_START__ == __FLASH_CONFIG_END__)), Linker Flash Config Support Enabled, but no .FlashConfig section provided within application)
 *(SORT_BY_ALIGNMENT(.text*))
 .text.main     0x00000410      0x5a0 ./source/main.o
                0x00000410                main
 .text.frequencyvalue
                0x000009b0       0xfc ./source/main.o
                0x000009b0                frequencyvalue
 .text.ADC16_GetChannelConversionValue
                0x00000aac       0x2c ./source/ADC.o
 .text.Configure_ADC
                0x00000ad8       0x60 ./source/ADC.o
                0x00000ad8                Configure_ADC
 .text.ADC_Read
                0x00000b38       0x6c ./source/ADC.o
                0x00000b38                ADC_Read
 .text.getValueADC
                0x00000ba4       0x18 ./source/ADC.o
                0x00000ba4                getValueADC
 .text.read_ADC_flag
                0x00000bbc       0x18 ./source/ADC.o
                0x00000bbc                read_ADC_flag
 .text.set_ADC_flag
                0x00000bd4       0x18 ./source/ADC.o
                0x00000bd4                set_ADC_flag
 .text.clear_ADC_flag
                0x00000bec       0x18 ./source/ADC.o
                0x00000bec                clear_ADC_flag
 .text.read_flag_save_adc
                0x00000c04       0x18 ./source/ADC.o
                0x00000c04                read_flag_save_adc
 .text.clear_flag_save_adc
                0x00000c1c       0x18 ./source/ADC.o
                0x00000c1c                clear_flag_save_adc
 .text.LCD_nokia_init
                0x00000c34       0xa0 ./source/LCD_nokia.o
                0x00000c34                LCD_nokia_init
 .text.LCD_nokia_write_byte
                0x00000cd4       0x58 ./source/LCD_nokia.o
                0x00000cd4                LCD_nokia_write_byte
 .text.LCD_nokia_send_char
                0x00000d2c       0x5c ./source/LCD_nokia.o
                0x00000d2c                LCD_nokia_send_char
 .text.__NVIC_EnableIRQ
                0x00000d88       0x3c ./source/NVIC.o
 .text.__NVIC_SetPriority
                0x00000dc4       0x54 ./source/NVIC.o
 .text.__NVIC_EnableIRQ
                0x00000e18       0x3c ./source/PIT.o
 .text.PIT_SetTimerPeriod
                0x00000e54       0x38 ./source/PIT.o
 .text.PIT0_IRQHandler
                0x00000e8c       0x28 ./source/PIT.o
                0x00000e8c                PIT0_IRQHandler
 .text.PIT1_IRQHandler
                0x00000eb4       0x28 ./source/PIT.o
                0x00000eb4                PIT1_IRQHandler
 .text.PIT_callback_init
                0x00000edc       0x34 ./source/PIT.o
                0x00000edc                PIT_callback_init
 .text.configureTimer
                0x00000f10       0xa8 ./source/PIT.o
                0x00000f10                configureTimer
 .text.setFlagTimer
                0x00000fb8       0x18 ./source/PIT.o
                0x00000fb8                setFlagTimer
 .text.clearFlagTimer
                0x00000fd0       0x18 ./source/PIT.o
                0x00000fd0                clearFlagTimer
 .text.readFlagTimer
                0x00000fe8       0x18 ./source/PIT.o
                0x00000fe8                readFlagTimer
 .text.writeLED
                0x00001000       0x5c ./source/RGB.o
                0x00001000                writeLED
 .text.CLOCK_SetSimSafeDivs
                0x0000105c       0x20 ./source/SPI.o
 .text.SPI_config_Screen
                0x0000107c       0xc4 ./source/SPI.o
                0x0000107c                SPI_config_Screen
 .text.ADC16_GetInstance
                0x00001140       0x4c ./drivers/fsl_adc16.o
 .text.ADC16_Init
                0x0000118c      0x118 ./drivers/fsl_adc16.o
                0x0000118c                ADC16_Init
 .text.ADC16_GetDefaultConfig
                0x000012a4       0x68 ./drivers/fsl_adc16.o
                0x000012a4                ADC16_GetDefaultConfig
 .text.ADC16_SetChannelConfig
                0x0000130c       0x68 ./drivers/fsl_adc16.o
                0x0000130c                ADC16_SetChannelConfig
 .text.ADC16_GetChannelStatusFlags
                0x00001374       0x40 ./drivers/fsl_adc16.o
                0x00001374                ADC16_GetChannelStatusFlags
 .text.CLOCK_GetMcgExtClkFreq
                0x000013b4       0x7c ./drivers/fsl_clock.o
 .text.CLOCK_GetFllExtRefClkFreq
                0x00001430       0xb0 ./drivers/fsl_clock.o
 .text.CLOCK_GetInternalRefClkSelectFreq
                0x000014e0       0x4c ./drivers/fsl_clock.o
 .text.CLOCK_GetFllRefClkFreq
                0x0000152c       0x34 ./drivers/fsl_clock.o
 .text.CLOCK_GetOsc0ErClkFreq
                0x00001560       0x44 ./drivers/fsl_clock.o
                0x00001560                CLOCK_GetOsc0ErClkFreq
 .text.CLOCK_GetEr32kClkFreq
                0x000015a4       0x74 ./drivers/fsl_clock.o
                0x000015a4                CLOCK_GetEr32kClkFreq
 .text.CLOCK_GetPllFllSelClkFreq
                0x00001618       0x54 ./drivers/fsl_clock.o
                0x00001618                CLOCK_GetPllFllSelClkFreq
 .text.CLOCK_GetFreq
                0x0000166c      0x140 ./drivers/fsl_clock.o
                0x0000166c                CLOCK_GetFreq
 .text.CLOCK_GetOutClkFreq
                0x000017ac       0x64 ./drivers/fsl_clock.o
                0x000017ac                CLOCK_GetOutClkFreq
 .text.CLOCK_GetFllFreq
                0x00001810       0x84 ./drivers/fsl_clock.o
                0x00001810                CLOCK_GetFllFreq
 .text.CLOCK_GetInternalRefClkFreq
                0x00001894       0x30 ./drivers/fsl_clock.o
                0x00001894                CLOCK_GetInternalRefClkFreq
 .text.CLOCK_GetPll0Freq
                0x000018c4       0x78 ./drivers/fsl_clock.o
                0x000018c4                CLOCK_GetPll0Freq
 .text.DSPI_GetInstance
                0x0000193c       0x4c ./drivers/fsl_dspi.o
                0x0000193c                DSPI_GetInstance
 .text.DSPI_GetDummyDataInstance
                0x00001988       0x24 ./drivers/fsl_dspi.o
                0x00001988                DSPI_GetDummyDataInstance
 .text.DSPI_SetDummyData
                0x000019ac       0x2c ./drivers/fsl_dspi.o
                0x000019ac                DSPI_SetDummyData
 .text.DSPI_MasterInit
                0x000019d8      0x16c ./drivers/fsl_dspi.o
                0x000019d8                DSPI_MasterInit
 .text.DSPI_MasterSetBaudRate
                0x00001b44      0x12c ./drivers/fsl_dspi.o
                0x00001b44                DSPI_MasterSetBaudRate
 .text.DSPI_MasterSetDelayScaler
                0x00001c70       0xe8 ./drivers/fsl_dspi.o
                0x00001c70                DSPI_MasterSetDelayScaler
 .text.DSPI_MasterSetDelayTimes
                0x00001d58      0x130 ./drivers/fsl_dspi.o
                0x00001d58                DSPI_MasterSetDelayTimes
 .text.DSPI_MasterTransferBlocking
                0x00001e88      0x488 ./drivers/fsl_dspi.o
                0x00001e88                DSPI_MasterTransferBlocking
 .text.DSPI_CommonIRQHandler
                0x00002310       0x44 ./drivers/fsl_dspi.o
 .text.SPI0_DriverIRQHandler
                0x00002354       0x30 ./drivers/fsl_dspi.o
                0x00002354                SPI0_DriverIRQHandler
 .text.SPI1_DriverIRQHandler
                0x00002384       0x30 ./drivers/fsl_dspi.o
                0x00002384                SPI1_DriverIRQHandler
 .text.SPI2_DriverIRQHandler
                0x000023b4       0x30 ./drivers/fsl_dspi.o
                0x000023b4                SPI2_DriverIRQHandler
 .text.GPIO_PinInit
                0x000023e4       0x64 ./drivers/fsl_gpio.o
                0x000023e4                GPIO_PinInit
 .text.I2C_TransferCommonIRQHandler
                0x00002448       0x58 ./drivers/fsl_i2c.o
 .text.I2C0_DriverIRQHandler
                0x000024a0       0x1c ./drivers/fsl_i2c.o
                0x000024a0                I2C0_DriverIRQHandler
 .text.I2C1_DriverIRQHandler
                0x000024bc       0x1c ./drivers/fsl_i2c.o
                0x000024bc                I2C1_DriverIRQHandler
 .text.I2C2_DriverIRQHandler
                0x000024d8       0x1c ./drivers/fsl_i2c.o
                0x000024d8                I2C2_DriverIRQHandler
 .text.PIT_GetInstance
                0x000024f4       0x44 ./drivers/fsl_pit.o
 .text.PIT_Init
                0x00002538       0x94 ./drivers/fsl_pit.o
                0x00002538                PIT_Init
 .text.UART0_DriverIRQHandler
                0x000025cc       0x28 ./drivers/fsl_uart.o
                0x000025cc                UART0_DriverIRQHandler
 .text.UART1_DriverIRQHandler
                0x000025f4       0x28 ./drivers/fsl_uart.o
                0x000025f4                UART1_DriverIRQHandler
 .text.UART2_DriverIRQHandler
                0x0000261c       0x28 ./drivers/fsl_uart.o
                0x0000261c                UART2_DriverIRQHandler
 .text.UART3_DriverIRQHandler
                0x00002644       0x28 ./drivers/fsl_uart.o
                0x00002644                UART3_DriverIRQHandler
 .text.UART4_DriverIRQHandler
                0x0000266c       0x28 ./drivers/fsl_uart.o
                0x0000266c                UART4_DriverIRQHandler
 .text.UART5_DriverIRQHandler
                0x00002694       0x28 ./drivers/fsl_uart.o
                0x00002694                UART5_DriverIRQHandler
 .text.SystemInit
                0x000026bc       0x3c ./device/system_MK64F12.o
                0x000026bc                SystemInit
 .text.PORT_SetPinConfig
                0x000026f8       0x38 ./board/pin_mux.o
 .text.BOARD_InitLEDsPins
                0x00002730       0xdc ./board/pin_mux.o
                0x00002730                BOARD_InitLEDsPins
 .text.__assertion_failed
                0x0000280c       0x4c c:/nxp/mcuxpressoide_11.5.0_7232/ide/plugins/com.nxp.mcuxpresso.tools.win32_11.5.0.202107051138/tools/bin/../lib/gcc/arm-none-eabi/10.3.1/../../../../arm-none-eabi/lib/thumb/v7e-m+fp/hard\libcr_nohost_nf.a(_cr_assert.o)
                0x0000280c                __assertion_failed
 .text._Cwritebuf
                0x00002858       0x6c c:/nxp/mcuxpressoide_11.5.0_7232/ide/plugins/com.nxp.mcuxpresso.tools.win32_11.5.0.202107051138/tools/bin/../lib/gcc/arm-none-eabi/10.3.1/../../../../arm-none-eabi/lib/thumb/v7e-m+fp/hard\libcr_c.a(_writebuf.o)
                0x00002858                _Cwritebuf
 .text.malloc   0x000028c4       0xc8 c:/nxp/mcuxpressoide_11.5.0_7232/ide/plugins/com.nxp.mcuxpresso.tools.win32_11.5.0.202107051138/tools/bin/../lib/gcc/arm-none-eabi/10.3.1/../../../../arm-none-eabi/lib/thumb/v7e-m+fp/hard\libcr_c.a(alloc.o)
                0x000028c4                malloc
 .text._Csys_alloc
                0x0000298c       0x20 c:/nxp/mcuxpressoide_11.5.0_7232/ide/plugins/com.nxp.mcuxpresso.tools.win32_11.5.0.202107051138/tools/bin/../lib/gcc/arm-none-eabi/10.3.1/../../../../arm-none-eabi/lib/thumb/v7e-m+fp/hard\libcr_c.a(alloc.o)
                0x0000298c                _Csys_alloc
 .text.fseek    0x000029ac       0xfc c:/nxp/mcuxpressoide_11.5.0_7232/ide/plugins/com.nxp.mcuxpresso.tools.win32_11.5.0.202107051138/tools/bin/../lib/gcc/arm-none-eabi/10.3.1/../../../../arm-none-eabi/lib/thumb/v7e-m+fp/hard\libcr_c.a(fseek.o)
                0x000029ac                fseek
 .text.ftell    0x00002aa8       0x44 c:/nxp/mcuxpressoide_11.5.0_7232/ide/plugins/com.nxp.mcuxpresso.tools.win32_11.5.0.202107051138/tools/bin/../lib/gcc/arm-none-eabi/10.3.1/../../../../arm-none-eabi/lib/thumb/v7e-m+fp/hard\libcr_c.a(ftell.o)
                0x00002aa8                ftell
 .text._initio  0x00002aec       0x78 c:/nxp/mcuxpressoide_11.5.0_7232/ide/plugins/com.nxp.mcuxpresso.tools.win32_11.5.0.202107051138/tools/bin/../lib/gcc/arm-none-eabi/10.3.1/../../../../arm-none-eabi/lib/thumb/v7e-m+fp/hard\libcr_c.a(initio.o)
                0x00002aec                _initio
 .text._sbrk    0x00002b64       0x3c c:/nxp/mcuxpressoide_11.5.0_7232/ide/plugins/com.nxp.mcuxpresso.tools.win32_11.5.0.202107051138/tools/bin/../lib/gcc/arm-none-eabi/10.3.1/../../../../arm-none-eabi/lib/thumb/v7e-m+fp/hard\libcr_c.a(_cr_sbrk.o)
                0x00002b64                _sbrk
 .text.fflush   0x00002ba0       0x3c c:/nxp/mcuxpressoide_11.5.0_7232/ide/plugins/com.nxp.mcuxpresso.tools.win32_11.5.0.202107051138/tools/bin/../lib/gcc/arm-none-eabi/10.3.1/../../../../arm-none-eabi/lib/thumb/v7e-m+fp/hard\libcr_c.a(fflush.o)
                0x00002ba0                fflush
 .text.__check_heap_overflow
                0x00002bdc       0x18 c:/nxp/mcuxpressoide_11.5.0_7232/ide/plugins/com.nxp.mcuxpresso.tools.win32_11.5.0.202107051138/tools/bin/../lib/gcc/arm-none-eabi/10.3.1/../../../../arm-none-eabi/lib/thumb/v7e-m+fp/hard\libcr_c.a(_cr_check_heap.o)
                0x00002bdc                __check_heap_overflow
 .text.__aeabi_dmul
                0x00002bf4       0xfc c:/nxp/mcuxpressoide_11.5.0_7232/ide/plugins/com.nxp.mcuxpresso.tools.win32_11.5.0.202107051138/tools/bin/../lib/gcc/arm-none-eabi/10.3.1/thumb/v7e-m+fp/hard\libcr_eabihelpers.a(double.o)
                0x00002bf4                __aeabi_dmul
 .text.__aeabi_ddiv
                0x00002cf0      0x138 c:/nxp/mcuxpressoide_11.5.0_7232/ide/plugins/com.nxp.mcuxpresso.tools.win32_11.5.0.202107051138/tools/bin/../lib/gcc/arm-none-eabi/10.3.1/thumb/v7e-m+fp/hard\libcr_eabihelpers.a(double.o)
                0x00002cf0                __aeabi_ddiv
 .text.__aeabi_dsub
                0x00002e28      0x1ac c:/nxp/mcuxpressoide_11.5.0_7232/ide/plugins/com.nxp.mcuxpresso.tools.win32_11.5.0.202107051138/tools/bin/../lib/gcc/arm-none-eabi/10.3.1/thumb/v7e-m+fp/hard\libcr_eabihelpers.a(double.o)
                0x00002e28                __aeabi_dsub
 .text.__aeabi_dadd
                0x00002fd4      0x114 c:/nxp/mcuxpressoide_11.5.0_7232/ide/plugins/com.nxp.mcuxpresso.tools.win32_11.5.0.202107051138/tools/bin/../lib/gcc/arm-none-eabi/10.3.1/thumb/v7e-m+fp/hard\libcr_eabihelpers.a(double.o)
                0x00002fd4                __aeabi_dadd
 .text.__aeabi_f2d
                0x000030e8       0x38 c:/nxp/mcuxpressoide_11.5.0_7232/ide/plugins/com.nxp.mcuxpresso.tools.win32_11.5.0.202107051138/tools/bin/../lib/gcc/arm-none-eabi/10.3.1/thumb/v7e-m+fp/hard\libcr_eabihelpers.a(float.o)
                0x000030e8                __aeabi_f2d
 .text.DMA0_IRQHandler
                0x00003120        0x8 ./startup/startup_mk64f12.o
                0x00003120                DMA0_IRQHandler
 .text.DMA1_IRQHandler
                0x00003128        0x8 ./startup/startup_mk64f12.o
                0x00003128                DMA1_IRQHandler
 .text.DMA2_IRQHandler
                0x00003130        0x8 ./startup/startup_mk64f12.o
                0x00003130                DMA2_IRQHandler
 .text.DMA3_IRQHandler
                0x00003138        0x8 ./startup/startup_mk64f12.o
                0x00003138                DMA3_IRQHandler
 .text.DMA4_IRQHandler
                0x00003140        0x8 ./startup/startup_mk64f12.o
                0x00003140                DMA4_IRQHandler
 .text.DMA5_IRQHandler
                0x00003148        0x8 ./startup/startup_mk64f12.o
                0x00003148                DMA5_IRQHandler
 .text.DMA6_IRQHandler
                0x00003150        0x8 ./startup/startup_mk64f12.o
                0x00003150                DMA6_IRQHandler
 .text.DMA7_IRQHandler
                0x00003158        0x8 ./startup/startup_mk64f12.o
                0x00003158                DMA7_IRQHandler
 .text.DMA8_IRQHandler
                0x00003160        0x8 ./startup/startup_mk64f12.o
                0x00003160                DMA8_IRQHandler
 .text.DMA9_IRQHandler
                0x00003168        0x8 ./startup/startup_mk64f12.o
                0x00003168                DMA9_IRQHandler
 .text.DMA10_IRQHandler
                0x00003170        0x8 ./startup/startup_mk64f12.o
                0x00003170                DMA10_IRQHandler
 .text.DMA11_IRQHandler
                0x00003178        0x8 ./startup/startup_mk64f12.o
                0x00003178                DMA11_IRQHandler
 .text.DMA12_IRQHandler
                0x00003180        0x8 ./startup/startup_mk64f12.o
                0x00003180                DMA12_IRQHandler
 .text.DMA13_IRQHandler
                0x00003188        0x8 ./startup/startup_mk64f12.o
                0x00003188                DMA13_IRQHandler
 .text.DMA14_IRQHandler
                0x00003190        0x8 ./startup/startup_mk64f12.o
                0x00003190                DMA14_IRQHandler
 .text.DMA15_IRQHandler
                0x00003198        0x8 ./startup/startup_mk64f12.o
                0x00003198                DMA15_IRQHandler
 .text.DMA_Error_IRQHandler
                0x000031a0        0x8 ./startup/startup_mk64f12.o
                0x000031a0                DMA_Error_IRQHandler
 .text.MCM_IRQHandler
                0x000031a8        0x8 ./startup/startup_mk64f12.o
                0x000031a8                MCM_IRQHandler
 .text.FTFE_IRQHandler
                0x000031b0        0x8 ./startup/startup_mk64f12.o
                0x000031b0                FTFE_IRQHandler
 .text.Read_Collision_IRQHandler
                0x000031b8        0x8 ./startup/startup_mk64f12.o
                0x000031b8                Read_Collision_IRQHandler
 .text.LVD_LVW_IRQHandler
                0x000031c0        0x8 ./startup/startup_mk64f12.o
                0x000031c0                LVD_LVW_IRQHandler
 .text.LLWU_IRQHandler
                0x000031c8        0x8 ./startup/startup_mk64f12.o
                0x000031c8                LLWU_IRQHandler
 .text.WDOG_EWM_IRQHandler
                0x000031d0        0x8 ./startup/startup_mk64f12.o
                0x000031d0                WDOG_EWM_IRQHandler
 .text.RNG_IRQHandler
                0x000031d8        0x8 ./startup/startup_mk64f12.o
                0x000031d8                RNG_IRQHandler
 .text.I2C0_IRQHandler
                0x000031e0        0x8 ./startup/startup_mk64f12.o
                0x000031e0                I2C0_IRQHandler
 .text.I2C1_IRQHandler
                0x000031e8        0x8 ./startup/startup_mk64f12.o
                0x000031e8                I2C1_IRQHandler
 .text.SPI0_IRQHandler
                0x000031f0        0x8 ./startup/startup_mk64f12.o
                0x000031f0                SPI0_IRQHandler
 .text.SPI1_IRQHandler
                0x000031f8        0x8 ./startup/startup_mk64f12.o
                0x000031f8                SPI1_IRQHandler
 .text.I2S0_Tx_IRQHandler
                0x00003200        0x8 ./startup/startup_mk64f12.o
                0x00003200                I2S0_Tx_IRQHandler
 .text.I2S0_Rx_IRQHandler
                0x00003208        0x8 ./startup/startup_mk64f12.o
                0x00003208                I2S0_Rx_IRQHandler
 .text.UART0_LON_IRQHandler
                0x00003210        0x8 ./startup/startup_mk64f12.o
                0x00003210                UART0_LON_IRQHandler
 .text.UART0_RX_TX_IRQHandler
                0x00003218        0x8 ./startup/startup_mk64f12.o
                0x00003218                UART0_RX_TX_IRQHandler
 .text.UART0_ERR_IRQHandler
                0x00003220        0x8 ./startup/startup_mk64f12.o
                0x00003220                UART0_ERR_IRQHandler
 .text.UART1_RX_TX_IRQHandler
                0x00003228        0x8 ./startup/startup_mk64f12.o
                0x00003228                UART1_RX_TX_IRQHandler
 .text.UART1_ERR_IRQHandler
                0x00003230        0x8 ./startup/startup_mk64f12.o
                0x00003230                UART1_ERR_IRQHandler
 .text.UART2_RX_TX_IRQHandler
                0x00003238        0x8 ./startup/startup_mk64f12.o
                0x00003238                UART2_RX_TX_IRQHandler
 .text.UART2_ERR_IRQHandler
                0x00003240        0x8 ./startup/startup_mk64f12.o
                0x00003240                UART2_ERR_IRQHandler
 .text.UART3_RX_TX_IRQHandler
                0x00003248        0x8 ./startup/startup_mk64f12.o
                0x00003248                UART3_RX_TX_IRQHandler
 .text.UART3_ERR_IRQHandler
                0x00003250        0x8 ./startup/startup_mk64f12.o
                0x00003250                UART3_ERR_IRQHandler
 .text.ADC0_IRQHandler
                0x00003258        0x8 ./startup/startup_mk64f12.o
                0x00003258                ADC0_IRQHandler
 .text.CMP0_IRQHandler
                0x00003260        0x8 ./startup/startup_mk64f12.o
                0x00003260                CMP0_IRQHandler
 .text.CMP1_IRQHandler
                0x00003268        0x8 ./startup/startup_mk64f12.o
                0x00003268                CMP1_IRQHandler
 .text.FTM0_IRQHandler
                0x00003270        0x8 ./startup/startup_mk64f12.o
                0x00003270                FTM0_IRQHandler
 .text.FTM1_IRQHandler
                0x00003278        0x8 ./startup/startup_mk64f12.o
                0x00003278                FTM1_IRQHandler
 .text.FTM2_IRQHandler
                0x00003280        0x8 ./startup/startup_mk64f12.o
                0x00003280                FTM2_IRQHandler
 .text.CMT_IRQHandler
                0x00003288        0x8 ./startup/startup_mk64f12.o
                0x00003288                CMT_IRQHandler
 .text.RTC_IRQHandler
                0x00003290        0x8 ./startup/startup_mk64f12.o
                0x00003290                RTC_IRQHandler
 .text.RTC_Seconds_IRQHandler
                0x00003298        0x8 ./startup/startup_mk64f12.o
                0x00003298                RTC_Seconds_IRQHandler
 .text.PIT2_IRQHandler
                0x000032a0        0x8 ./startup/startup_mk64f12.o
                0x000032a0                PIT2_IRQHandler
 .text.PIT3_IRQHandler
                0x000032a8        0x8 ./startup/startup_mk64f12.o
                0x000032a8                PIT3_IRQHandler
 .text.PDB0_IRQHandler
                0x000032b0        0x8 ./startup/startup_mk64f12.o
                0x000032b0                PDB0_IRQHandler
 .text.USB0_IRQHandler
                0x000032b8        0x8 ./startup/startup_mk64f12.o
                0x000032b8                USB0_IRQHandler
 .text.USBDCD_IRQHandler
                0x000032c0        0x8 ./startup/startup_mk64f12.o
                0x000032c0                USBDCD_IRQHandler
 .text.Reserved71_IRQHandler
                0x000032c8        0x8 ./startup/startup_mk64f12.o
                0x000032c8                Reserved71_IRQHandler
 .text.DAC0_IRQHandler
                0x000032d0        0x8 ./startup/startup_mk64f12.o
                0x000032d0                DAC0_IRQHandler
 .text.MCG_IRQHandler
                0x000032d8        0x8 ./startup/startup_mk64f12.o
                0x000032d8                MCG_IRQHandler
 .text.LPTMR0_IRQHandler
                0x000032e0        0x8 ./startup/startup_mk64f12.o
                0x000032e0                LPTMR0_IRQHandler
 .text.PORTA_IRQHandler
                0x000032e8        0x8 ./startup/startup_mk64f12.o
                0x000032e8                PORTA_IRQHandler
 .text.PORTB_IRQHandler
                0x000032f0        0x8 ./startup/startup_mk64f12.o
                0x000032f0                PORTB_IRQHandler
 .text.PORTC_IRQHandler
                0x000032f8        0x8 ./startup/startup_mk64f12.o
                0x000032f8                PORTC_IRQHandler
 .text.PORTD_IRQHandler
                0x00003300        0x8 ./startup/startup_mk64f12.o
                0x00003300                PORTD_IRQHandler
 .text.PORTE_IRQHandler
                0x00003308        0x8 ./startup/startup_mk64f12.o
                0x00003308                PORTE_IRQHandler
 .text.SWI_IRQHandler
                0x00003310        0x8 ./startup/startup_mk64f12.o
                0x00003310                SWI_IRQHandler
 .text.SPI2_IRQHandler
                0x00003318        0x8 ./startup/startup_mk64f12.o
                0x00003318                SPI2_IRQHandler
 .text.UART4_RX_TX_IRQHandler
                0x00003320        0x8 ./startup/startup_mk64f12.o
                0x00003320                UART4_RX_TX_IRQHandler
 .text.UART4_ERR_IRQHandler
                0x00003328        0x8 ./startup/startup_mk64f12.o
                0x00003328                UART4_ERR_IRQHandler
 .text.UART5_RX_TX_IRQHandler
                0x00003330        0x8 ./startup/startup_mk64f12.o
                0x00003330                UART5_RX_TX_IRQHandler
 .text.UART5_ERR_IRQHandler
                0x00003338        0x8 ./startup/startup_mk64f12.o
                0x00003338                UART5_ERR_IRQHandler
 .text.CMP2_IRQHandler
                0x00003340        0x8 ./startup/startup_mk64f12.o
                0x00003340                CMP2_IRQHandler
 .text.FTM3_IRQHandler
                0x00003348        0x8 ./startup/startup_mk64f12.o
                0x00003348                FTM3_IRQHandler
 .text.DAC1_IRQHandler
                0x00003350        0x8 ./startup/startup_mk64f12.o
                0x00003350                DAC1_IRQHandler
 .text.ADC1_IRQHandler
                0x00003358        0x8 ./startup/startup_mk64f12.o
                0x00003358                ADC1_IRQHandler
 .text.I2C2_IRQHandler
                0x00003360        0x8 ./startup/startup_mk64f12.o
                0x00003360                I2C2_IRQHandler
 .text.CAN0_ORed_Message_buffer_IRQHandler
                0x00003368        0x8 ./startup/startup_mk64f12.o
                0x00003368                CAN0_ORed_Message_buffer_IRQHandler
 .text.CAN0_Bus_Off_IRQHandler
                0x00003370        0x8 ./startup/startup_mk64f12.o
                0x00003370                CAN0_Bus_Off_IRQHandler
 .text.CAN0_Error_IRQHandler
                0x00003378        0x8 ./startup/startup_mk64f12.o
                0x00003378                CAN0_Error_IRQHandler
 .text.CAN0_Tx_Warning_IRQHandler
                0x00003380        0x8 ./startup/startup_mk64f12.o
                0x00003380                CAN0_Tx_Warning_IRQHandler
 .text.CAN0_Rx_Warning_IRQHandler
                0x00003388        0x8 ./startup/startup_mk64f12.o
                0x00003388                CAN0_Rx_Warning_IRQHandler
 .text.CAN0_Wake_Up_IRQHandler
                0x00003390        0x8 ./startup/startup_mk64f12.o
                0x00003390                CAN0_Wake_Up_IRQHandler
 .text.SDHC_IRQHandler
                0x00003398        0x8 ./startup/startup_mk64f12.o
                0x00003398                SDHC_IRQHandler
 .text.ENET_1588_Timer_IRQHandler
                0x000033a0        0x8 ./startup/startup_mk64f12.o
                0x000033a0                ENET_1588_Timer_IRQHandler
 .text.ENET_Transmit_IRQHandler
                0x000033a8        0x8 ./startup/startup_mk64f12.o
                0x000033a8                ENET_Transmit_IRQHandler
 .text.ENET_Receive_IRQHandler
                0x000033b0        0x8 ./startup/startup_mk64f12.o
                0x000033b0                ENET_Receive_IRQHandler
 .text.ENET_Error_IRQHandler
                0x000033b8        0x8 ./startup/startup_mk64f12.o
                0x000033b8                ENET_Error_IRQHandler
 .text.CLOCK_EnableClock
                0x000033c0       0x34 ./source/ADC.o
 .text.ADC16_EnableHardwareTrigger
                0x000033f4       0x38 ./source/ADC.o
 .text.PORT_SetPinMux
                0x0000342c       0x3a ./source/ADC.o
 .text.CLOCK_EnableClock
                0x00003466       0x34 ./source/LCD_nokia.o
 .text.GPIO_PortSet
                0x0000349a       0x1c ./source/LCD_nokia.o
 .text.GPIO_PortClear
                0x000034b6       0x1c ./source/LCD_nokia.o
 .text.PORT_SetPinMux
                0x000034d2       0x3a ./source/LCD_nokia.o
 .text.LCD_nokia_send_string
                0x0000350c       0x2a ./source/LCD_nokia.o
                0x0000350c                LCD_nokia_send_string
 .text.LCD_nokia_clear
                0x00003536       0x36 ./source/LCD_nokia.o
                0x00003536                LCD_nokia_clear
 .text.LCD_nokia_goto_xy
                0x0000356c       0x38 ./source/LCD_nokia.o
                0x0000356c                LCD_nokia_goto_xy
 .text.LCD_nokia_delay
                0x000035a4       0x2a ./source/LCD_nokia.o
                0x000035a4                LCD_nokia_delay
 .text.NVIC_enable_interrupt_and_priotity
                0x000035ce       0x30 ./source/NVIC.o
                0x000035ce                NVIC_enable_interrupt_and_priotity
 .text.EnableIRQ
                0x000035fe       0x32 ./source/PIT.o
 .text.PIT_EnableInterrupts
                0x00003630       0x3a ./source/PIT.o
 .text.PIT_ClearStatusFlags
                0x0000366a       0x2a ./source/PIT.o
 .text.PIT_StartTimer
                0x00003694       0x38 ./source/PIT.o
 .text.GPIO_PinWrite
                0x000036cc       0x36 ./source/RGB.o
 .text.configRGB
                0x00003702        0xc ./source/RGB.o
                0x00003702                configRGB
 .text.CLOCK_EnableClock
                0x0000370e       0x34 ./source/SPI.o
 .text.PORT_SetPinMux
                0x00003742       0x3a ./source/SPI.o
 .text.PIT_StartTimer
                0x0000377c       0x38 ./source/main.o
 .text.PIT_StopTimer
                0x000037b4       0x38 ./source/main.o
 .text.HardFault_Handler
                0x000037ec       0x2c ./source/semihost_hardfault.o
                0x000037ec                HardFault_Handler
 .text.CLOCK_EnableClock
                0x00003818       0x34 ./drivers/fsl_adc16.o
 .text.ADC16_DoAutoCalibration
                0x0000384c      0x130 ./drivers/fsl_adc16.o
                0x0000384c                ADC16_DoAutoCalibration
 .text.ADC16_SetHardwareAverage
                0x0000397c       0x3e ./drivers/fsl_adc16.o
                0x0000397c                ADC16_SetHardwareAverage
 .text.ADC16_GetStatusFlags
                0x000039ba       0x42 ./drivers/fsl_adc16.o
                0x000039ba                ADC16_GetStatusFlags
 .text.CLOCK_GetPll0RefFreq
                0x000039fc        0xe ./drivers/fsl_clock.o
 .text.CLOCK_GetFixedFreqClkFreq
                0x00003a0a       0x34 ./drivers/fsl_clock.o
                0x00003a0a                CLOCK_GetFixedFreqClkFreq
 .text.CLOCK_EnableClock
                0x00003a3e       0x34 ./drivers/fsl_dspi.o
 .text.DSPI_Enable
                0x00003a72       0x38 ./drivers/fsl_dspi.o
 .text.DSPI_GetStatusFlags
                0x00003aaa       0x18 ./drivers/fsl_dspi.o
 .text.DSPI_ClearStatusFlags
                0x00003ac2       0x1c ./drivers/fsl_dspi.o
 .text.DSPI_DisableInterrupts
                0x00003ade       0x24 ./drivers/fsl_dspi.o
 .text.DSPI_SetMasterSlaveMode
                0x00003b02       0x2a ./drivers/fsl_dspi.o
 .text.DSPI_IsMaster
                0x00003b2c       0x26 ./drivers/fsl_dspi.o
 .text.DSPI_StartTransfer
                0x00003b52       0x20 ./drivers/fsl_dspi.o
 .text.DSPI_StopTransfer
                0x00003b72       0x20 ./drivers/fsl_dspi.o
 .text.DSPI_FlushFifo
                0x00003b92       0x48 ./drivers/fsl_dspi.o
 .text.DSPI_MasterGetFormattedCommand
                0x00003bda       0x4a ./drivers/fsl_dspi.o
 .text.DSPI_ReadData
                0x00003c24       0x18 ./drivers/fsl_dspi.o
 .text.DSPI_SetOnePcsPolarity
                0x00003c3c       0x4e ./drivers/fsl_dspi.o
 .text.GPIO_PinWrite
                0x00003c8a       0x36 ./drivers/fsl_gpio.o
 .text.CLOCK_EnableClock
                0x00003cc0       0x34 ./drivers/fsl_pit.o
 .text.UART0_RX_TX_DriverIRQHandler
                0x00003cf4       0x12 ./drivers/fsl_uart.o
                0x00003cf4                UART0_RX_TX_DriverIRQHandler
 .text.UART1_RX_TX_DriverIRQHandler
                0x00003d06       0x12 ./drivers/fsl_uart.o
                0x00003d06                UART1_RX_TX_DriverIRQHandler
 .text.UART2_RX_TX_DriverIRQHandler
                0x00003d18       0x12 ./drivers/fsl_uart.o
                0x00003d18                UART2_RX_TX_DriverIRQHandler
 .text.UART3_RX_TX_DriverIRQHandler
                0x00003d2a       0x12 ./drivers/fsl_uart.o
                0x00003d2a                UART3_RX_TX_DriverIRQHandler
 .text.UART4_RX_TX_DriverIRQHandler
                0x00003d3c       0x12 ./drivers/fsl_uart.o
                0x00003d3c                UART4_RX_TX_DriverIRQHandler
 .text.UART5_RX_TX_DriverIRQHandler
                0x00003d4e       0x12 ./drivers/fsl_uart.o
                0x00003d4e                UART5_RX_TX_DriverIRQHandler
 .text.SystemInitHook
                0x00003d60        0xe ./device/system_MK64F12.o
                0x00003d60                SystemInitHook
 .text.CLOCK_EnableClock
                0x00003d6e       0x34 ./board/pin_mux.o
 .text.__main   0x00003da2        0xe c:/nxp/mcuxpressoide_11.5.0_7232/ide/plugins/com.nxp.mcuxpresso.tools.win32_11.5.0.202107051138/tools/bin/../lib/gcc/arm-none-eabi/10.3.1/../../../../arm-none-eabi/lib/thumb/v7e-m+fp/hard\libcr_nohost_nf.a(_cr__main.o)
                0x00003da2                __main
 .text.__sys_appexit
                0x00003db0        0x2 c:/nxp/mcuxpressoide_11.5.0_7232/ide/plugins/com.nxp.mcuxpresso.tools.win32_11.5.0.202107051138/tools/bin/../lib/gcc/arm-none-eabi/10.3.1/../../../../arm-none-eabi/lib/thumb/v7e-m+fp/hard\libcr_nohost_nf.a(__sys_appexit.o)
                0x00003db0                __sys_appexit
                0x00003db0                __exit
 .text.memset   0x00003db2        0x4 c:/nxp/mcuxpressoide_11.5.0_7232/ide/plugins/com.nxp.mcuxpresso.tools.win32_11.5.0.202107051138/tools/bin/../lib/gcc/arm-none-eabi/10.3.1/../../../../arm-none-eabi/lib/thumb/v7e-m+fp/hard\libcr_c.a(memset.o)
                0x00003db2                memset
 .text._deferredlazyseek
                0x00003db6       0x40 c:/nxp/mcuxpressoide_11.5.0_7232/ide/plugins/com.nxp.mcuxpresso.tools.win32_11.5.0.202107051138/tools/bin/../lib/gcc/arm-none-eabi/10.3.1/../../../../arm-none-eabi/lib/thumb/v7e-m+fp/hard\libcr_c.a(_deferredlazyseek.o)
                0x00003db6                _deferredlazyseek
 .text.__flsbuf
                0x00003df6      0x140 c:/nxp/mcuxpressoide_11.5.0_7232/ide/plugins/com.nxp.mcuxpresso.tools.win32_11.5.0.202107051138/tools/bin/../lib/gcc/arm-none-eabi/10.3.1/../../../../arm-none-eabi/lib/thumb/v7e-m+fp/hard\libcr_c.a(_deferredlazyseek.o)
                0x00003df6                __flsbuf
 .text._fflush  0x00003f36       0x52 c:/nxp/mcuxpressoide_11.5.0_7232/ide/plugins/com.nxp.mcuxpresso.tools.win32_11.5.0.202107051138/tools/bin/../lib/gcc/arm-none-eabi/10.3.1/../../../../arm-none-eabi/lib/thumb/v7e-m+fp/hard\libcr_c.a(_fflush.o)
                0x00003f36                _fflush
 .text.free     0x00003f88       0x30 c:/nxp/mcuxpressoide_11.5.0_7232/ide/plugins/com.nxp.mcuxpresso.tools.win32_11.5.0.202107051138/tools/bin/../lib/gcc/arm-none-eabi/10.3.1/../../../../arm-none-eabi/lib/thumb/v7e-m+fp/hard\libcr_c.a(alloc.o)
                0x00003f88                free
 .text.fputs    0x00003fb8       0x2c c:/nxp/mcuxpressoide_11.5.0_7232/ide/plugins/com.nxp.mcuxpresso.tools.win32_11.5.0.202107051138/tools/bin/../lib/gcc/arm-none-eabi/10.3.1/../../../../arm-none-eabi/lib/thumb/v7e-m+fp/hard\libcr_c.a(fputs.o)
                0x00003fb8                fputs
 .text.setvbuf  0x00003fe4       0x3e c:/nxp/mcuxpressoide_11.5.0_7232/ide/plugins/com.nxp.mcuxpresso.tools.win32_11.5.0.202107051138/tools/bin/../lib/gcc/arm-none-eabi/10.3.1/../../../../arm-none-eabi/lib/thumb/v7e-m+fp/hard\libcr_c.a(setvbuf.o)
                0x00003fe4                setvbuf
 .text.strlen   0x00004022       0x48 c:/nxp/mcuxpressoide_11.5.0_7232/ide/plugins/com.nxp.mcuxpresso.tools.win32_11.5.0.202107051138/tools/bin/../lib/gcc/arm-none-eabi/10.3.1/../../../../arm-none-eabi/lib/thumb/v7e-m+fp/hard\libcr_c.a(strlen.o)
                0x00004022                strlen
 .text._fdopen  0x0000406a       0x68 c:/nxp/mcuxpressoide_11.5.0_7232/ide/plugins/com.nxp.mcuxpresso.tools.win32_11.5.0.202107051138/tools/bin/../lib/gcc/arm-none-eabi/10.3.1/../../../../arm-none-eabi/lib/thumb/v7e-m+fp/hard\libcr_c.a(_fdopen.o)
                0x0000406a                _fdopen
 .text.fclose   0x000040d2       0x58 c:/nxp/mcuxpressoide_11.5.0_7232/ide/plugins/com.nxp.mcuxpresso.tools.win32_11.5.0.202107051138/tools/bin/../lib/gcc/arm-none-eabi/10.3.1/../../../../arm-none-eabi/lib/thumb/v7e-m+fp/hard\libcr_c.a(fclose.o)
                0x000040d2                fclose
 .text.remove   0x0000412a       0x14 c:/nxp/mcuxpressoide_11.5.0_7232/ide/plugins/com.nxp.mcuxpresso.tools.win32_11.5.0.202107051138/tools/bin/../lib/gcc/arm-none-eabi/10.3.1/../../../../arm-none-eabi/lib/thumb/v7e-m+fp/hard\libcr_c.a(remove.o)
                0x0000412a                remove
 .text._do_fflush
                0x0000413e       0x40 c:/nxp/mcuxpressoide_11.5.0_7232/ide/plugins/com.nxp.mcuxpresso.tools.win32_11.5.0.202107051138/tools/bin/../lib/gcc/arm-none-eabi/10.3.1/../../../../arm-none-eabi/lib/thumb/v7e-m+fp/hard\libcr_c.a(_do_fflush.o)
                0x0000413e                _do_fflush
 .text.__aeabi_division_uldivmod
                0x0000417e      0x174 c:/nxp/mcuxpressoide_11.5.0_7232/ide/plugins/com.nxp.mcuxpresso.tools.win32_11.5.0.202107051138/tools/bin/../lib/gcc/arm-none-eabi/10.3.1/thumb/v7e-m+fp/hard\libcr_eabihelpers.a(division_64.o)
                0x0000417e                __aeabi_uldivmod
                0x00004182                __bhs_ldivmod1
 .text.__aeabi_division_idiv0
                0x000042f2        0x2 c:/nxp/mcuxpressoide_11.5.0_7232/ide/plugins/com.nxp.mcuxpresso.tools.win32_11.5.0.202107051138/tools/bin/../lib/gcc/arm-none-eabi/10.3.1/thumb/v7e-m+fp/hard\libcr_eabihelpers.a(division_idiv0.o)
                0x000042f2                __aeabi_idiv0
 .text.__aeabi_d2uiz
                0x000042f4       0x30 c:/nxp/mcuxpressoide_11.5.0_7232/ide/plugins/com.nxp.mcuxpresso.tools.win32_11.5.0.202107051138/tools/bin/../lib/gcc/arm-none-eabi/10.3.1/thumb/v7e-m+fp/hard\libcr_eabihelpers.a(double.o)
                0x000042f4                __aeabi_d2uiz
 .text.__bhs_ui2d
                0x00004324       0x46 c:/nxp/mcuxpressoide_11.5.0_7232/ide/plugins/com.nxp.mcuxpresso.tools.win32_11.5.0.202107051138/tools/bin/../lib/gcc/arm-none-eabi/10.3.1/thumb/v7e-m+fp/hard\libcr_eabihelpers.a(double.o)
                0x00004324                __bhs_ui2d
 .text.__aeabi_i2d
                0x0000436a       0x12 c:/nxp/mcuxpressoide_11.5.0_7232/ide/plugins/com.nxp.mcuxpresso.tools.win32_11.5.0.202107051138/tools/bin/../lib/gcc/arm-none-eabi/10.3.1/thumb/v7e-m+fp/hard\libcr_eabihelpers.a(double.o)
                0x0000436a                __aeabi_i2d
 .text.__aeabi_dcmplt
                0x0000437c       0x56 c:/nxp/mcuxpressoide_11.5.0_7232/ide/plugins/com.nxp.mcuxpresso.tools.win32_11.5.0.202107051138/tools/bin/../lib/gcc/arm-none-eabi/10.3.1/thumb/v7e-m+fp/hard\libcr_eabihelpers.a(double.o)
                0x0000437c                __aeabi_dcmplt
 .text.__aeabi_memset_lowlevel
                0x000043d2       0x32 c:/nxp/mcuxpressoide_11.5.0_7232/ide/plugins/com.nxp.mcuxpresso.tools.win32_11.5.0.202107051138/tools/bin/../lib/gcc/arm-none-eabi/10.3.1/thumb/v7e-m+fp/hard\libcr_eabihelpers.a(memcpy.o)
                0x000043d2                __aeabi_lowlevel_memset
 .text.__sys_close
                0x00004404        0x6 c:/nxp/mcuxpressoide_11.5.0_7232/ide/plugins/com.nxp.mcuxpresso.tools.win32_11.5.0.202107051138/tools/bin/../lib/gcc/arm-none-eabi/10.3.1/../../../../arm-none-eabi/lib/thumb/v7e-m+fp/hard\libcr_nohost_nf.a(__sys_close.o)
                0x00004404                __sys_close
 .text.__sys_flen
                0x0000440a        0x6 c:/nxp/mcuxpressoide_11.5.0_7232/ide/plugins/com.nxp.mcuxpresso.tools.win32_11.5.0.202107051138/tools/bin/../lib/gcc/arm-none-eabi/10.3.1/../../../../arm-none-eabi/lib/thumb/v7e-m+fp/hard\libcr_nohost_nf.a(__sys_flen.o)
                0x0000440a                __sys_flen
 .text.__sys_istty
                0x00004410        0x6 c:/nxp/mcuxpressoide_11.5.0_7232/ide/plugins/com.nxp.mcuxpresso.tools.win32_11.5.0.202107051138/tools/bin/../lib/gcc/arm-none-eabi/10.3.1/../../../../arm-none-eabi/lib/thumb/v7e-m+fp/hard\libcr_nohost_nf.a(__sys_istty.o)
                0x00004410                __sys_istty
 .text.__sys_remove
                0x00004416        0x6 c:/nxp/mcuxpressoide_11.5.0_7232/ide/plugins/com.nxp.mcuxpresso.tools.win32_11.5.0.202107051138/tools/bin/../lib/gcc/arm-none-eabi/10.3.1/../../../../arm-none-eabi/lib/thumb/v7e-m+fp/hard\libcr_nohost_nf.a(__sys_remove.o)
                0x00004416                __sys_remove
 .text.__sys_seek
                0x0000441c        0x6 c:/nxp/mcuxpressoide_11.5.0_7232/ide/plugins/com.nxp.mcuxpresso.tools.win32_11.5.0.202107051138/tools/bin/../lib/gcc/arm-none-eabi/10.3.1/../../../../arm-none-eabi/lib/thumb/v7e-m+fp/hard\libcr_nohost_nf.a(__sys_seek.o)
                0x0000441c                __sys_seek
 .text.__sys_tmpnam
                0x00004422        0x6 c:/nxp/mcuxpressoide_11.5.0_7232/ide/plugins/com.nxp.mcuxpresso.tools.win32_11.5.0.202107051138/tools/bin/../lib/gcc/arm-none-eabi/10.3.1/../../../../arm-none-eabi/lib/thumb/v7e-m+fp/hard\libcr_nohost_nf.a(__sys_tmpnam.o)
                0x00004422                __sys_tmpnam
 .text.__sys_write
                0x00004428        0x4 c:/nxp/mcuxpressoide_11.5.0_7232/ide/plugins/com.nxp.mcuxpresso.tools.win32_11.5.0.202107051138/tools/bin/../lib/gcc/arm-none-eabi/10.3.1/../../../../arm-none-eabi/lib/thumb/v7e-m+fp/hard\libcr_nohost_nf.a(__sys_write.o)
                0x00004428                __sys_write
 *(SORT_BY_ALIGNMENT(.rodata) SORT_BY_ALIGNMENT(.rodata.*) SORT_BY_ALIGNMENT(.constdata) SORT_BY_ALIGNMENT(.constdata.*))
 .rodata.ADC16_GetChannelConversionValue.str1.4
                0x0000442c       0x80 ./source/ADC.o
 .rodata.ASCII  0x000044ac      0x1e0 ./source/LCD_nokia.o
 .rodata        0x0000468c        0x2 ./source/LCD_nokia.o
 *fill*         0x0000468e        0x2 ff
 .rodata.PIT_SetTimerPeriod.str1.4
                0x00004690       0x46 ./source/PIT.o
 *fill*         0x000046d6        0x2 ff
 .rodata.main.str1.4
                0x000046d8        0x8 ./source/main.o
 .rodata.s_adc16Bases
                0x000046e0        0x8 ./drivers/fsl_adc16.o
 .rodata.s_adc16Clocks
                0x000046e8        0x8 ./drivers/fsl_adc16.o
 .rodata.ADC16_GetInstance.str1.4
                0x000046f0       0x35 ./drivers/fsl_adc16.o
 *fill*         0x00004725        0x3 ff
 .rodata.ADC16_Init.str1.4
                0x00004728       0x20 ./drivers/fsl_adc16.o
 .rodata.ADC16_GetDefaultConfig.str1.4
                0x00004748       0x21 ./drivers/fsl_adc16.o
 *fill*         0x00004769        0x3 ff
 .rodata.ADC16_SetChannelConfig.str1.4
                0x0000476c       0x51 ./drivers/fsl_adc16.o
 *fill*         0x000047bd        0x3 ff
 .rodata.ADC16_GetChannelStatusFlags.str1.4
                0x000047c0       0x2f ./drivers/fsl_adc16.o
 *fill*         0x000047ef        0x1 ff
 .rodata.CLOCK_GetMcgExtClkFreq.str1.4
                0x000047f0       0x49 ./drivers/fsl_clock.o
 *fill*         0x00004839        0x3 ff
 .rodata.CLOCK_GetOsc0ErClkFreq.str1.4
                0x0000483c       0x1e ./drivers/fsl_clock.o
 *fill*         0x0000485a        0x2 ff
 .rodata.CLOCK_GetEr32kClkFreq.str1.4
                0x0000485c       0x1f ./drivers/fsl_clock.o
 *fill*         0x0000487b        0x1 ff
 .rodata.CLOCK_GetPll0Freq.str1.4
                0x0000487c       0x1d ./drivers/fsl_clock.o
 *fill*         0x00004899        0x3 ff
 .rodata.fllFactorTable.1
                0x0000489c       0x10 ./drivers/fsl_clock.o
 .rodata.s_baudratePrescaler
                0x000048ac       0x10 ./drivers/fsl_dspi.o
 .rodata.s_baudrateScaler
                0x000048bc       0x40 ./drivers/fsl_dspi.o
 .rodata.s_delayPrescaler
                0x000048fc       0x10 ./drivers/fsl_dspi.o
 .rodata.s_delayScaler
                0x0000490c       0x40 ./drivers/fsl_dspi.o
 .rodata.s_dspiBases
                0x0000494c        0xc ./drivers/fsl_dspi.o
 .rodata.s_dspiClock
                0x00004958        0xc ./drivers/fsl_dspi.o
 .rodata.DSPI_GetInstance.str1.4
                0x00004964       0x34 ./drivers/fsl_dspi.o
 .rodata.DSPI_MasterInit.str1.4
                0x00004998       0x3f ./drivers/fsl_dspi.o
 *fill*         0x000049d7        0x1 ff
 .rodata.DSPI_MasterSetDelayScaler.str1.4
                0x000049d8       0x17 ./drivers/fsl_dspi.o
 *fill*         0x000049ef        0x1 ff
 .rodata.DSPI_MasterTransferBlocking.str1.4
                0x000049f0       0x22 ./drivers/fsl_dspi.o
 *fill*         0x00004a12        0x2 ff
 .rodata.SPI0_DriverIRQHandler.str1.4
                0x00004a14       0x2a ./drivers/fsl_dspi.o
 *fill*         0x00004a3e        0x2 ff
 .rodata.SPI1_DriverIRQHandler.str1.4
                0x00004a40       0x2a ./drivers/fsl_dspi.o
 *fill*         0x00004a6a        0x2 ff
 .rodata.SPI2_DriverIRQHandler.str1.4
                0x00004a6c       0x2a ./drivers/fsl_dspi.o
 *fill*         0x00004a96        0x2 ff
 .rodata.GPIO_PinInit.str1.4
                0x00004a98       0x20 ./drivers/fsl_gpio.o
 .rodata.PIT_GetInstance.str1.4
                0x00004ab8       0x31 ./drivers/fsl_pit.o
 *fill*         0x00004ae9        0x3 ff
 .rodata.PIT_Init.str1.4
                0x00004aec       0x1e ./drivers/fsl_pit.o
 *fill*         0x00004b0a        0x2 ff
 .rodata.PORT_SetPinConfig.str1.4
                0x00004b0c       0x42 ./board/pin_mux.o
 *fill*         0x00004b4e        0x2 ff
 .rodata        0x00004b50        0x2 ./board/pin_mux.o
 *fill*         0x00004b52        0x2 ff
 .rodata.__num_Ciob_streams
                0x00004b54        0x4 c:/nxp/mcuxpressoide_11.5.0_7232/ide/plugins/com.nxp.mcuxpresso.tools.win32_11.5.0.202107051138/tools/bin/../lib/gcc/arm-none-eabi/10.3.1/../../../../arm-none-eabi/lib/thumb/v7e-m+fp/hard\libcr_nohost_nf.a(__ciob.o)
                0x00004b54                __num_Ciob_streams
 .rodata.__assertion_failed.str1.1
                0x00004b58       0x15 c:/nxp/mcuxpressoide_11.5.0_7232/ide/plugins/com.nxp.mcuxpresso.tools.win32_11.5.0.202107051138/tools/bin/../lib/gcc/arm-none-eabi/10.3.1/../../../../arm-none-eabi/lib/thumb/v7e-m+fp/hard\libcr_nohost_nf.a(_cr_assert.o)
 .rodata._Csys_alloc.str1.1
                0x00004b6d       0x18 c:/nxp/mcuxpressoide_11.5.0_7232/ide/plugins/com.nxp.mcuxpresso.tools.win32_11.5.0.202107051138/tools/bin/../lib/gcc/arm-none-eabi/10.3.1/../../../../arm-none-eabi/lib/thumb/v7e-m+fp/hard\libcr_c.a(alloc.o)
 .rodata._initio.str1.1
                0x00004b85        0x4 c:/nxp/mcuxpressoide_11.5.0_7232/ide/plugins/com.nxp.mcuxpresso.tools.win32_11.5.0.202107051138/tools/bin/../lib/gcc/arm-none-eabi/10.3.1/../../../../arm-none-eabi/lib/thumb/v7e-m+fp/hard\libcr_c.a(initio.o)
                0x00004b90                . = ALIGN (0x8)
 *fill*         0x00004b89        0x7 ff

.glue_7         0x00004b90        0x0
 .glue_7        0x00004b90        0x0 linker stubs

.glue_7t        0x00004b90        0x0
 .glue_7t       0x00004b90        0x0 linker stubs

.vfp11_veneer   0x00004b90        0x0
 .vfp11_veneer  0x00004b90        0x0 linker stubs

.v4_bx          0x00004b90        0x0
 .v4_bx         0x00004b90        0x0 linker stubs

.iplt           0x00004b90        0x0
 .iplt          0x00004b90        0x0 ./startup/startup_mk64f12.o

.rel.dyn        0x00004b90        0x0
 .rel.iplt      0x00004b90        0x0 ./startup/startup_mk64f12.o

.ARM.extab
 *(SORT_BY_ALIGNMENT(.ARM.extab*) SORT_BY_ALIGNMENT(.gnu.linkonce.armextab.*))

.ARM.exidx      0x00004b90        0x0
                0x00004b90                __exidx_start = .
 *(SORT_BY_ALIGNMENT(.ARM.exidx*) SORT_BY_ALIGNMENT(.gnu.linkonce.armexidx.*))
                0x00004b90                __exidx_end = .
                0x00004b90                _etext = .

.m_usb_data
 *(SORT_BY_ALIGNMENT(m_usb_bdt))

.data_RAM2      0x1fff0000        0x0 load address 0x00004b90
 FILL mask 0xff
                [!provide]                PROVIDE (__start_data_RAM2 = .)
                [!provide]                PROVIDE (__start_data_SRAM_LOWER = .)
 *(SORT_BY_ALIGNMENT(.ramfunc.$RAM2))
 *(SORT_BY_ALIGNMENT(.ramfunc.$SRAM_LOWER))
 *(SORT_BY_ALIGNMENT(.data.$RAM2))
 *(SORT_BY_ALIGNMENT(.data.$SRAM_LOWER))
 *(SORT_BY_ALIGNMENT(.data.$RAM2.*))
 *(SORT_BY_ALIGNMENT(.data.$SRAM_LOWER.*))
                0x1fff0000                . = ALIGN (0x8)
                [!provide]                PROVIDE (__end_data_RAM2 = .)
                [!provide]                PROVIDE (__end_data_SRAM_LOWER = .)

.data_RAM3      0x14000000        0x0 load address 0x00004b90
 FILL mask 0xff
                [!provide]                PROVIDE (__start_data_RAM3 = .)
                [!provide]                PROVIDE (__start_data_FLEX_RAM = .)
 *(SORT_BY_ALIGNMENT(.ramfunc.$RAM3))
 *(SORT_BY_ALIGNMENT(.ramfunc.$FLEX_RAM))
 *(SORT_BY_ALIGNMENT(.data.$RAM3))
 *(SORT_BY_ALIGNMENT(.data.$FLEX_RAM))
 *(SORT_BY_ALIGNMENT(.data.$RAM3.*))
 *(SORT_BY_ALIGNMENT(.data.$FLEX_RAM.*))
                0x14000000                . = ALIGN (0x8)
                [!provide]                PROVIDE (__end_data_RAM3 = .)
                [!provide]                PROVIDE (__end_data_FLEX_RAM = .)

.uninit_RESERVED
                0x20000000        0x0
                0x20000000                _start_uninit_RESERVED = .
 *(SORT_BY_ALIGNMENT(.bss.$RESERVED*))
                0x20000000                . = ALIGN (0x8)
                0x20000000                _end_uninit_RESERVED = .

.data           0x20000000        0x8 load address 0x00004b90
 FILL mask 0xff
                0x20000000                _data = .
                [!provide]                PROVIDE (__start_data_RAM = .)
                [!provide]                PROVIDE (__start_data_SRAM_UPPER = .)
 *(SORT_BY_ALIGNMENT(vtable))
 *(SORT_BY_ALIGNMENT(.ramfunc*))
 *(SORT_BY_ALIGNMENT(CodeQuickAccess))
 *(SORT_BY_ALIGNMENT(DataQuickAccess))
 *(SORT_BY_ALIGNMENT(RamFunction))
 *(SORT_BY_ALIGNMENT(.data*))
 .data.s_slowIrcFreq
                0x20000000        0x4 ./drivers/fsl_clock.o
 .data.s_fastIrcFreq
                0x20000004        0x4 ./drivers/fsl_clock.o
                0x20000008                . = ALIGN (0x8)
                0x20000008                _edata = .
                [!provide]                PROVIDE (__end_data_RAM = .)
                [!provide]                PROVIDE (__end_data_SRAM_UPPER = .)

.igot.plt       0x20000008        0x0 load address 0x00004b98
 .igot.plt      0x20000008        0x0 ./startup/startup_mk64f12.o

.bss_RAM2       0x1fff0000        0x0
                [!provide]                PROVIDE (__start_bss_RAM2 = .)
                [!provide]                PROVIDE (__start_bss_SRAM_LOWER = .)
 *(SORT_BY_ALIGNMENT(.bss.$RAM2))
 *(SORT_BY_ALIGNMENT(.bss.$SRAM_LOWER))
 *(SORT_BY_ALIGNMENT(.bss.$RAM2.*))
 *(SORT_BY_ALIGNMENT(.bss.$SRAM_LOWER.*))
                0x1fff0000                . = ALIGN ((. != 0x0)?0x8:0x1)
                [!provide]                PROVIDE (__end_bss_RAM2 = .)
                [!provide]                PROVIDE (__end_bss_SRAM_LOWER = .)

.bss_RAM3       0x14000000        0x0
                [!provide]                PROVIDE (__start_bss_RAM3 = .)
                [!provide]                PROVIDE (__start_bss_FLEX_RAM = .)
 *(SORT_BY_ALIGNMENT(.bss.$RAM3))
 *(SORT_BY_ALIGNMENT(.bss.$FLEX_RAM))
 *(SORT_BY_ALIGNMENT(.bss.$RAM3.*))
 *(SORT_BY_ALIGNMENT(.bss.$FLEX_RAM.*))
                0x14000000                . = ALIGN ((. != 0x0)?0x8:0x1)
                [!provide]                PROVIDE (__end_bss_RAM3 = .)
                [!provide]                PROVIDE (__end_bss_FLEX_RAM = .)

.bss            0x20000008      0xda0
                0x20000008                _bss = .
                [!provide]                PROVIDE (__start_bss_RAM = .)
                [!provide]                PROVIDE (__start_bss_SRAM_UPPER = .)
 *(SORT_BY_ALIGNMENT(.bss*))
 .bss.ADC_read  0x20000008        0x4 ./source/ADC.o
                0x20000008                ADC_read
 .bss.PIT_0_callback
                0x2000000c        0x4 ./source/PIT.o
 .bss.PIT_1_callback
                0x20000010        0x4 ./source/PIT.o
 .bss.vectorCorr
                0x20000014      0xc80 ./source/main.o
                0x20000014                vectorCorr
 .bss.g_xtal0Freq
                0x20000c94        0x4 ./drivers/fsl_clock.o
                0x20000c94                g_xtal0Freq
 .bss.g_xtal32Freq
                0x20000c98        0x4 ./drivers/fsl_clock.o
                0x20000c98                g_xtal32Freq
 .bss.g_dspiHandle
                0x20000c9c        0xc ./drivers/fsl_dspi.o
 .bss.s_dspiMasterIsr
                0x20000ca8        0x4 ./drivers/fsl_dspi.o
 .bss.s_dspiSlaveIsr
                0x20000cac        0x4 ./drivers/fsl_dspi.o
 .bss.g_dspiDummyData
                0x20000cb0        0x3 ./drivers/fsl_dspi.o
                0x20000cb0                g_dspiDummyData
 *fill*         0x20000cb3        0x1 
 .bss.s_i2cHandle
                0x20000cb4        0xc ./drivers/fsl_i2c.o
 .bss.s_i2cMasterIsr
                0x20000cc0        0x4 ./drivers/fsl_i2c.o
 .bss.s_i2cSlaveIsr
                0x20000cc4        0x4 ./drivers/fsl_i2c.o
 .bss.s_uartHandle
                0x20000cc8       0x18 ./drivers/fsl_uart.o
                0x20000cc8                s_uartHandle
 .bss.s_uartIsr
                0x20000ce0        0x4 ./drivers/fsl_uart.o
                0x20000ce0                s_uartIsr
 .bss.__Ciob    0x20000ce4       0xb4 c:/nxp/mcuxpressoide_11.5.0_7232/ide/plugins/com.nxp.mcuxpresso.tools.win32_11.5.0.202107051138/tools/bin/../lib/gcc/arm-none-eabi/10.3.1/../../../../arm-none-eabi/lib/thumb/v7e-m+fp/hard\libcr_nohost_nf.a(__ciob.o)
                0x20000ce4                __Ciob
 .bss.errno     0x20000d98        0x4 c:/nxp/mcuxpressoide_11.5.0_7232/ide/plugins/com.nxp.mcuxpresso.tools.win32_11.5.0.202107051138/tools/bin/../lib/gcc/arm-none-eabi/10.3.1/../../../../arm-none-eabi/lib/thumb/v7e-m+fp/hard\libcr_c.a(errno.o)
                0x20000d98                errno
 .bss.__end_of_heap
                0x20000d9c        0x4 c:/nxp/mcuxpressoide_11.5.0_7232/ide/plugins/com.nxp.mcuxpresso.tools.win32_11.5.0.202107051138/tools/bin/../lib/gcc/arm-none-eabi/10.3.1/../../../../arm-none-eabi/lib/thumb/v7e-m+fp/hard\libcr_c.a(__init_alloc.o)
                0x20000d9c                __end_of_heap
 .bss.__heaps   0x20000da0        0x4 c:/nxp/mcuxpressoide_11.5.0_7232/ide/plugins/com.nxp.mcuxpresso.tools.win32_11.5.0.202107051138/tools/bin/../lib/gcc/arm-none-eabi/10.3.1/../../../../arm-none-eabi/lib/thumb/v7e-m+fp/hard\libcr_c.a(__init_alloc.o)
                0x20000da0                __heaps
 .bss.flag      0x20000da4        0x1 ./source/ADC.o
                0x20000da4                flag
 .bss.flag_save
                0x20000da5        0x1 ./source/ADC.o
                0x20000da5                flag_save
 .bss.timer_status
                0x20000da6        0x1 ./source/PIT.o
                0x20000da6                timer_status
 *(SORT_BY_ALIGNMENT(COMMON))
                0x20000da8                . = ALIGN (0x8)
 *fill*         0x20000da7        0x1 
                0x20000da8                _ebss = .
                [!provide]                PROVIDE (__end_bss_RAM = .)
                [!provide]                PROVIDE (__end_bss_SRAM_UPPER = .)
                [!provide]                PROVIDE (end = .)

.noinit_RAM2    0x1fff0000        0x0
                [!provide]                PROVIDE (__start_noinit_RAM2 = .)
                [!provide]                PROVIDE (__start_noinit_SRAM_LOWER = .)
 *(SORT_BY_ALIGNMENT(.noinit.$RAM2))
 *(SORT_BY_ALIGNMENT(.noinit.$SRAM_LOWER))
 *(SORT_BY_ALIGNMENT(.noinit.$RAM2.*))
 *(SORT_BY_ALIGNMENT(.noinit.$SRAM_LOWER.*))
                0x1fff0000                . = ALIGN (0x8)
                [!provide]                PROVIDE (__end_noinit_RAM2 = .)
                [!provide]                PROVIDE (__end_noinit_SRAM_LOWER = .)

.noinit_RAM3    0x14000000        0x0
                [!provide]                PROVIDE (__start_noinit_RAM3 = .)
                [!provide]                PROVIDE (__start_noinit_FLEX_RAM = .)
 *(SORT_BY_ALIGNMENT(.noinit.$RAM3))
 *(SORT_BY_ALIGNMENT(.noinit.$FLEX_RAM))
 *(SORT_BY_ALIGNMENT(.noinit.$RAM3.*))
 *(SORT_BY_ALIGNMENT(.noinit.$FLEX_RAM.*))
                0x14000000                . = ALIGN (0x8)
                [!provide]                PROVIDE (__end_noinit_RAM3 = .)
                [!provide]                PROVIDE (__end_noinit_FLEX_RAM = .)

.noinit         0x20000da8        0x0
                0x20000da8                _noinit = .
                [!provide]                PROVIDE (__start_noinit_RAM = .)
                [!provide]                PROVIDE (__start_noinit_SRAM_UPPER = .)
 *(SORT_BY_ALIGNMENT(.noinit*))
                0x20000da8                . = ALIGN (0x8)
                0x20000da8                _end_noinit = .
                [!provide]                PROVIDE (__end_noinit_RAM = .)
                [!provide]                PROVIDE (__end_noinit_SRAM_UPPER = .)
                0x00001000                _HeapSize = 0x1000

.heap           0x20000da8     0x1000
                0x20000da8                _pvHeapStart = .
                0x20001da8                . = (. + _HeapSize)
 *fill*         0x20000da8     0x1000 
                0x20001da8                . = ALIGN (0x8)
                0x20001da8                _pvHeapLimit = .
                0x00001000                _StackSize = 0x1000

.heap2stackfill
                0x20001da8     0x1000
                0x20002da8                . = (. + _StackSize)
 *fill*         0x20001da8     0x1000 

.stack          0x2002f000        0x0
                0x2002f000                _vStackBase = .
                0x2002f000                . = ALIGN (0x8)
                0x20030000                _vStackTop = (. + _StackSize)
                0x00000000                _image_start = LOADADDR (.text)
                0x00004b98                _image_end = (LOADADDR (.data) + SIZEOF (.data))
                0x00004b98                _image_size = (_image_end - _image_start)
OUTPUT(Guitar_Strings.axf elf32-littlearm)
LOAD linker stubs

.debug_info     0x00000000    0x102fd
 .debug_info    0x00000000      0x93a ./startup/startup_mk64f12.o
 .debug_info    0x0000093a      0xcbd ./source/ADC.o
 .debug_info    0x000015f7      0xc5a ./source/LCD_nokia.o
 .debug_info    0x00002251      0x96c ./source/NVIC.o
 .debug_info    0x00002bbd      0xbbd ./source/PIT.o
 .debug_info    0x0000377a      0x1e7 ./source/RGB.o
 .debug_info    0x00003961      0xb50 ./source/SPI.o
 .debug_info    0x000044b1      0x95e ./source/main.o
 .debug_info    0x00004e0f       0x3c ./source/semihost_hardfault.o
 .debug_info    0x00004e4b      0xe6e ./drivers/fsl_adc16.o
 .debug_info    0x00005cb9     0x21c3 ./drivers/fsl_clock.o
 .debug_info    0x00007e7c     0x25d7 ./drivers/fsl_dspi.o
 .debug_info    0x0000a453      0x69c ./drivers/fsl_gpio.o
 .debug_info    0x0000aaef     0x1e92 ./drivers/fsl_i2c.o
 .debug_info    0x0000c981      0x76b ./drivers/fsl_pit.o
 .debug_info    0x0000d0ec     0x1f90 ./drivers/fsl_uart.o
 .debug_info    0x0000f07c      0x649 ./device/system_MK64F12.o
 .debug_info    0x0000f6c5      0xc38 ./board/pin_mux.o

.debug_abbrev   0x00000000     0x2792
 .debug_abbrev  0x00000000      0x185 ./startup/startup_mk64f12.o
 .debug_abbrev  0x00000185      0x22b ./source/ADC.o
 .debug_abbrev  0x000003b0      0x225 ./source/LCD_nokia.o
 .debug_abbrev  0x000005d5      0x1be ./source/NVIC.o
 .debug_abbrev  0x00000793      0x2bf ./source/PIT.o
 .debug_abbrev  0x00000a52      0x12e ./source/RGB.o
 .debug_abbrev  0x00000b80      0x1fd ./source/SPI.o
 .debug_abbrev  0x00000d7d      0x1d8 ./source/main.o
 .debug_abbrev  0x00000f55       0x31 ./source/semihost_hardfault.o
 .debug_abbrev  0x00000f86      0x267 ./drivers/fsl_adc16.o
 .debug_abbrev  0x000011ed      0x359 ./drivers/fsl_clock.o
 .debug_abbrev  0x00001546      0x381 ./drivers/fsl_dspi.o
 .debug_abbrev  0x000018c7      0x186 ./drivers/fsl_gpio.o
 .debug_abbrev  0x00001a4d      0x363 ./drivers/fsl_i2c.o
 .debug_abbrev  0x00001db0      0x1eb ./drivers/fsl_pit.o
 .debug_abbrev  0x00001f9b      0x42e ./drivers/fsl_uart.o
 .debug_abbrev  0x000023c9      0x148 ./device/system_MK64F12.o
 .debug_abbrev  0x00002511      0x281 ./board/pin_mux.o

.debug_aranges  0x00000000      0xe68
 .debug_aranges
                0x00000000      0x330 ./startup/startup_mk64f12.o
 .debug_aranges
                0x00000330       0x78 ./source/ADC.o
 .debug_aranges
                0x000003a8       0x78 ./source/LCD_nokia.o
 .debug_aranges
                0x00000420       0x38 ./source/NVIC.o
 .debug_aranges
                0x00000458       0x80 ./source/PIT.o
 .debug_aranges
                0x000004d8       0x30 ./source/RGB.o
 .debug_aranges
                0x00000508       0x40 ./source/SPI.o
 .debug_aranges
                0x00000548       0x38 ./source/main.o
 .debug_aranges
                0x00000580       0x20 ./source/semihost_hardfault.o
 .debug_aranges
                0x000005a0       0x88 ./drivers/fsl_adc16.o
 .debug_aranges
                0x00000628      0x1f8 ./drivers/fsl_clock.o
 .debug_aranges
                0x00000820      0x1d8 ./drivers/fsl_dspi.o
 .debug_aranges
                0x000009f8       0x40 ./drivers/fsl_gpio.o
 .debug_aranges
                0x00000a38      0x180 ./drivers/fsl_i2c.o
 .debug_aranges
                0x00000bb8       0x40 ./drivers/fsl_pit.o
 .debug_aranges
                0x00000bf8      0x1b8 ./drivers/fsl_uart.o
 .debug_aranges
                0x00000db0       0x30 ./device/system_MK64F12.o
 .debug_aranges
                0x00000de0       0x88 ./board/pin_mux.o

.debug_ranges   0x00000000      0xd48
 .debug_ranges  0x00000000      0x320 ./startup/startup_mk64f12.o
 .debug_ranges  0x00000320       0x68 ./source/ADC.o
 .debug_ranges  0x00000388       0x68 ./source/LCD_nokia.o
 .debug_ranges  0x000003f0       0x28 ./source/NVIC.o
 .debug_ranges  0x00000418       0x70 ./source/PIT.o
 .debug_ranges  0x00000488       0x20 ./source/RGB.o
 .debug_ranges  0x000004a8       0x30 ./source/SPI.o
 .debug_ranges  0x000004d8       0x28 ./source/main.o
 .debug_ranges  0x00000500       0x10 ./source/semihost_hardfault.o
 .debug_ranges  0x00000510       0x78 ./drivers/fsl_adc16.o
 .debug_ranges  0x00000588      0x1e8 ./drivers/fsl_clock.o
 .debug_ranges  0x00000770      0x1c8 ./drivers/fsl_dspi.o
 .debug_ranges  0x00000938       0x30 ./drivers/fsl_gpio.o
 .debug_ranges  0x00000968      0x170 ./drivers/fsl_i2c.o
 .debug_ranges  0x00000ad8       0x30 ./drivers/fsl_pit.o
 .debug_ranges  0x00000b08      0x1a8 ./drivers/fsl_uart.o
 .debug_ranges  0x00000cb0       0x20 ./device/system_MK64F12.o
 .debug_ranges  0x00000cd0       0x78 ./board/pin_mux.o

.debug_macro    0x00000000     0x18be
 .debug_macro   0x00000000       0x29 ./startup/startup_mk64f12.o
 .debug_macro   0x00000029      0x13e ./source/ADC.o
 .debug_macro   0x00000167       0x1c ./source/ADC.o
 .debug_macro   0x00000183       0x22 ./source/ADC.o
 .debug_macro   0x000001a5       0x16 ./source/ADC.o
 .debug_macro   0x000001bb       0x10 ./source/ADC.o
 .debug_macro   0x000001cb      0x156 ./source/LCD_nokia.o
 .debug_macro   0x00000321       0x10 ./source/LCD_nokia.o
 .debug_macro   0x00000331       0x40 ./source/LCD_nokia.o
 .debug_macro   0x00000371       0x40 ./source/LCD_nokia.o
 .debug_macro   0x000003b1       0x16 ./source/LCD_nokia.o
 .debug_macro   0x000003c7       0x40 ./source/LCD_nokia.o
 .debug_macro   0x00000407       0x95 ./source/NVIC.o
 .debug_macro   0x0000049c       0x10 ./source/NVIC.o
 .debug_macro   0x000004ac      0x135 ./source/PIT.o
 .debug_macro   0x000005e1       0x16 ./source/PIT.o
 .debug_macro   0x000005f7      0x159 ./source/RGB.o
 .debug_macro   0x00000750      0x1ce ./source/RGB.o
 .debug_macro   0x0000091e       0x16 ./source/RGB.o
 .debug_macro   0x00000934      0x181 ./source/RGB.o
 .debug_macro   0x00000ab5      0x14d ./source/SPI.o
 .debug_macro   0x00000c02       0x3a ./source/SPI.o
 .debug_macro   0x00000c3c      0x1d0 ./source/main.o
 .debug_macro   0x00000e0c       0x10 ./source/main.o
 .debug_macro   0x00000e1c       0x11 ./source/semihost_hardfault.o
 .debug_macro   0x00000e2d      0x122 ./drivers/fsl_adc16.o
 .debug_macro   0x00000f4f      0x1d8 ./drivers/fsl_clock.o
 .debug_macro   0x00001127      0x121 ./drivers/fsl_dspi.o
 .debug_macro   0x00001248      0x121 ./drivers/fsl_gpio.o
 .debug_macro   0x00001369      0x121 ./drivers/fsl_i2c.o
 .debug_macro   0x0000148a       0x1c ./drivers/fsl_i2c.o
 .debug_macro   0x000014a6      0x122 ./drivers/fsl_pit.o
 .debug_macro   0x000015c8      0x127 ./drivers/fsl_uart.o
 .debug_macro   0x000016ef       0x10 ./drivers/fsl_uart.o
 .debug_macro   0x000016ff       0x98 ./device/system_MK64F12.o
 .debug_macro   0x00001797      0x127 ./board/pin_mux.o

.debug_line     0x00000000     0x94a3
 .debug_line    0x00000000      0x911 ./startup/startup_mk64f12.o
 .debug_line    0x00000911      0x4ab ./source/ADC.o
 .debug_line    0x00000dbc      0x542 ./source/LCD_nokia.o
 .debug_line    0x000012fe      0x2ce ./source/NVIC.o
 .debug_line    0x000015cc      0x4ad ./source/PIT.o
 .debug_line    0x00001a79      0x3dd ./source/RGB.o
 .debug_line    0x00001e56      0x44a ./source/SPI.o
 .debug_line    0x000022a0      0x5dd ./source/main.o
 .debug_line    0x0000287d       0x59 ./source/semihost_hardfault.o
 .debug_line    0x000028d6      0x65f ./drivers/fsl_adc16.o
 .debug_line    0x00002f35     0x1496 ./drivers/fsl_clock.o
 .debug_line    0x000043cb     0x179f ./drivers/fsl_dspi.o
 .debug_line    0x00005b6a      0x3c0 ./drivers/fsl_gpio.o
 .debug_line    0x00005f2a     0x1383 ./drivers/fsl_i2c.o
 .debug_line    0x000072ad      0x3cd ./drivers/fsl_pit.o
 .debug_line    0x0000767a     0x1470 ./drivers/fsl_uart.o
 .debug_line    0x00008aea      0x3c6 ./device/system_MK64F12.o
 .debug_line    0x00008eb0      0x5f3 ./board/pin_mux.o

.debug_str      0x00000000    0x83463
 .debug_str     0x00000000     0x3560 ./startup/startup_mk64f12.o
                               0x360c (size before relaxing)
 .debug_str     0x00003560    0x783f1 ./source/ADC.o
                              0x7b223 (size before relaxing)
 .debug_str     0x0007b951      0x6c2 ./source/LCD_nokia.o
                              0x7b104 (size before relaxing)
 .debug_str     0x0007c013      0xacc ./source/NVIC.o
                              0x71dbd (size before relaxing)
 .debug_str     0x0007cadf      0x488 ./source/PIT.o
                              0x7b03d (size before relaxing)
 .debug_str     0x0007cf67     0x11fc ./source/RGB.o
                              0x7b05f (size before relaxing)
 .debug_str     0x0007e163      0x5bd ./source/SPI.o
                              0x7ab7b (size before relaxing)
 .debug_str     0x0007e720       0xf0 ./source/main.o
                              0x7c285 (size before relaxing)
 .debug_str     0x0007e810       0x1f ./source/semihost_hardfault.o
                               0x2db1 (size before relaxing)
 .debug_str     0x0007e82f      0x335 ./drivers/fsl_adc16.o
                              0x7b320 (size before relaxing)
 .debug_str     0x0007eb64     0x1950 ./drivers/fsl_clock.o
                              0x7c508 (size before relaxing)
 .debug_str     0x000804b4      0xcf2 ./drivers/fsl_dspi.o
                              0x7c378 (size before relaxing)
 .debug_str     0x000811a6       0xb6 ./drivers/fsl_gpio.o
                              0x7a7d9 (size before relaxing)
 .debug_str     0x0008125c      0xc83 ./drivers/fsl_i2c.o
                              0x7bbf7 (size before relaxing)
 .debug_str     0x00081edf       0x78 ./drivers/fsl_pit.o
                              0x7a997 (size before relaxing)
 .debug_str     0x00081f57      0xec7 ./drivers/fsl_uart.o
                              0x7be42 (size before relaxing)
 .debug_str     0x00082e1e       0xcb ./device/system_MK64F12.o
                              0x783f1 (size before relaxing)
 .debug_str     0x00082ee9      0x57a ./board/pin_mux.o
                              0x7af4e (size before relaxing)

.comment        0x00000000       0x49
 .comment       0x00000000       0x49 ./startup/startup_mk64f12.o
                                 0x4a (size before relaxing)
 .comment       0x00000049       0x4a ./source/ADC.o
 .comment       0x00000049       0x4a ./source/LCD_nokia.o
 .comment       0x00000049       0x4a ./source/NVIC.o
 .comment       0x00000049       0x4a ./source/PIT.o
 .comment       0x00000049       0x4a ./source/RGB.o
 .comment       0x00000049       0x4a ./source/SPI.o
 .comment       0x00000049       0x4a ./source/main.o
 .comment       0x00000049       0x4a ./source/semihost_hardfault.o
 .comment       0x00000049       0x4a ./drivers/fsl_adc16.o
 .comment       0x00000049       0x4a ./drivers/fsl_clock.o
 .comment       0x00000049       0x4a ./drivers/fsl_dspi.o
 .comment       0x00000049       0x4a ./drivers/fsl_gpio.o
 .comment       0x00000049       0x4a ./drivers/fsl_i2c.o
 .comment       0x00000049       0x4a ./drivers/fsl_pit.o
 .comment       0x00000049       0x4a ./drivers/fsl_uart.o
 .comment       0x00000049       0x4a ./device/system_MK64F12.o
 .comment       0x00000049       0x4a ./board/pin_mux.o
 .comment       0x00000049       0x4a c:/nxp/mcuxpressoide_11.5.0_7232/ide/plugins/com.nxp.mcuxpresso.tools.win32_11.5.0.202107051138/tools/bin/../lib/gcc/arm-none-eabi/10.3.1/../../../../arm-none-eabi/lib/thumb/v7e-m+fp/hard\libcr_nohost_nf.a(_cr__main.o)
 .comment       0x00000049       0x4a c:/nxp/mcuxpressoide_11.5.0_7232/ide/plugins/com.nxp.mcuxpresso.tools.win32_11.5.0.202107051138/tools/bin/../lib/gcc/arm-none-eabi/10.3.1/../../../../arm-none-eabi/lib/thumb/v7e-m+fp/hard\libcr_nohost_nf.a(_cr_assert.o)
 .comment       0x00000049       0x4a c:/nxp/mcuxpressoide_11.5.0_7232/ide/plugins/com.nxp.mcuxpresso.tools.win32_11.5.0.202107051138/tools/bin/../lib/gcc/arm-none-eabi/10.3.1/../../../../arm-none-eabi/lib/thumb/v7e-m+fp/hard\libcr_nohost_nf.a(__ciob.o)
 .comment       0x00000049       0x4a c:/nxp/mcuxpressoide_11.5.0_7232/ide/plugins/com.nxp.mcuxpresso.tools.win32_11.5.0.202107051138/tools/bin/../lib/gcc/arm-none-eabi/10.3.1/../../../../arm-none-eabi/lib/thumb/v7e-m+fp/hard\libcr_nohost_nf.a(__sys_appexit.o)
 .comment       0x00000049       0x4a c:/nxp/mcuxpressoide_11.5.0_7232/ide/plugins/com.nxp.mcuxpresso.tools.win32_11.5.0.202107051138/tools/bin/../lib/gcc/arm-none-eabi/10.3.1/../../../../arm-none-eabi/lib/thumb/v7e-m+fp/hard\libcr_c.a(memset.o)
 .comment       0x00000049       0x4a c:/nxp/mcuxpressoide_11.5.0_7232/ide/plugins/com.nxp.mcuxpresso.tools.win32_11.5.0.202107051138/tools/bin/../lib/gcc/arm-none-eabi/10.3.1/../../../../arm-none-eabi/lib/thumb/v7e-m+fp/hard\libcr_c.a(_deferredlazyseek.o)
 .comment       0x00000049       0x4a c:/nxp/mcuxpressoide_11.5.0_7232/ide/plugins/com.nxp.mcuxpresso.tools.win32_11.5.0.202107051138/tools/bin/../lib/gcc/arm-none-eabi/10.3.1/../../../../arm-none-eabi/lib/thumb/v7e-m+fp/hard\libcr_c.a(_fflush.o)
 .comment       0x00000049       0x4a c:/nxp/mcuxpressoide_11.5.0_7232/ide/plugins/com.nxp.mcuxpresso.tools.win32_11.5.0.202107051138/tools/bin/../lib/gcc/arm-none-eabi/10.3.1/../../../../arm-none-eabi/lib/thumb/v7e-m+fp/hard\libcr_c.a(_writebuf.o)
 .comment       0x00000049       0x4a c:/nxp/mcuxpressoide_11.5.0_7232/ide/plugins/com.nxp.mcuxpresso.tools.win32_11.5.0.202107051138/tools/bin/../lib/gcc/arm-none-eabi/10.3.1/../../../../arm-none-eabi/lib/thumb/v7e-m+fp/hard\libcr_c.a(alloc.o)
 .comment       0x00000049       0x4a c:/nxp/mcuxpressoide_11.5.0_7232/ide/plugins/com.nxp.mcuxpresso.tools.win32_11.5.0.202107051138/tools/bin/../lib/gcc/arm-none-eabi/10.3.1/../../../../arm-none-eabi/lib/thumb/v7e-m+fp/hard\libcr_c.a(errno.o)
 .comment       0x00000049       0x4a c:/nxp/mcuxpressoide_11.5.0_7232/ide/plugins/com.nxp.mcuxpresso.tools.win32_11.5.0.202107051138/tools/bin/../lib/gcc/arm-none-eabi/10.3.1/../../../../arm-none-eabi/lib/thumb/v7e-m+fp/hard\libcr_c.a(fputs.o)
 .comment       0x00000049       0x4a c:/nxp/mcuxpressoide_11.5.0_7232/ide/plugins/com.nxp.mcuxpresso.tools.win32_11.5.0.202107051138/tools/bin/../lib/gcc/arm-none-eabi/10.3.1/../../../../arm-none-eabi/lib/thumb/v7e-m+fp/hard\libcr_c.a(fseek.o)
 .comment       0x00000049       0x4a c:/nxp/mcuxpressoide_11.5.0_7232/ide/plugins/com.nxp.mcuxpresso.tools.win32_11.5.0.202107051138/tools/bin/../lib/gcc/arm-none-eabi/10.3.1/../../../../arm-none-eabi/lib/thumb/v7e-m+fp/hard\libcr_c.a(ftell.o)
 .comment       0x00000049       0x4a c:/nxp/mcuxpressoide_11.5.0_7232/ide/plugins/com.nxp.mcuxpresso.tools.win32_11.5.0.202107051138/tools/bin/../lib/gcc/arm-none-eabi/10.3.1/../../../../arm-none-eabi/lib/thumb/v7e-m+fp/hard\libcr_c.a(initio.o)
 .comment       0x00000049       0x4a c:/nxp/mcuxpressoide_11.5.0_7232/ide/plugins/com.nxp.mcuxpresso.tools.win32_11.5.0.202107051138/tools/bin/../lib/gcc/arm-none-eabi/10.3.1/../../../../arm-none-eabi/lib/thumb/v7e-m+fp/hard\libcr_c.a(setvbuf.o)
 .comment       0x00000049       0x4a c:/nxp/mcuxpressoide_11.5.0_7232/ide/plugins/com.nxp.mcuxpresso.tools.win32_11.5.0.202107051138/tools/bin/../lib/gcc/arm-none-eabi/10.3.1/../../../../arm-none-eabi/lib/thumb/v7e-m+fp/hard\libcr_c.a(strlen.o)
 .comment       0x00000049       0x4a c:/nxp/mcuxpressoide_11.5.0_7232/ide/plugins/com.nxp.mcuxpresso.tools.win32_11.5.0.202107051138/tools/bin/../lib/gcc/arm-none-eabi/10.3.1/../../../../arm-none-eabi/lib/thumb/v7e-m+fp/hard\libcr_c.a(__init_alloc.o)
 .comment       0x00000049       0x4a c:/nxp/mcuxpressoide_11.5.0_7232/ide/plugins/com.nxp.mcuxpresso.tools.win32_11.5.0.202107051138/tools/bin/../lib/gcc/arm-none-eabi/10.3.1/../../../../arm-none-eabi/lib/thumb/v7e-m+fp/hard\libcr_c.a(_cr_sbrk.o)
 .comment       0x00000049       0x4a c:/nxp/mcuxpressoide_11.5.0_7232/ide/plugins/com.nxp.mcuxpresso.tools.win32_11.5.0.202107051138/tools/bin/../lib/gcc/arm-none-eabi/10.3.1/../../../../arm-none-eabi/lib/thumb/v7e-m+fp/hard\libcr_c.a(_fdopen.o)
 .comment       0x00000049       0x4a c:/nxp/mcuxpressoide_11.5.0_7232/ide/plugins/com.nxp.mcuxpresso.tools.win32_11.5.0.202107051138/tools/bin/../lib/gcc/arm-none-eabi/10.3.1/../../../../arm-none-eabi/lib/thumb/v7e-m+fp/hard\libcr_c.a(fclose.o)
 .comment       0x00000049       0x4a c:/nxp/mcuxpressoide_11.5.0_7232/ide/plugins/com.nxp.mcuxpresso.tools.win32_11.5.0.202107051138/tools/bin/../lib/gcc/arm-none-eabi/10.3.1/../../../../arm-none-eabi/lib/thumb/v7e-m+fp/hard\libcr_c.a(fflush.o)
 .comment       0x00000049       0x4a c:/nxp/mcuxpressoide_11.5.0_7232/ide/plugins/com.nxp.mcuxpresso.tools.win32_11.5.0.202107051138/tools/bin/../lib/gcc/arm-none-eabi/10.3.1/../../../../arm-none-eabi/lib/thumb/v7e-m+fp/hard\libcr_c.a(remove.o)
 .comment       0x00000049       0x4a c:/nxp/mcuxpressoide_11.5.0_7232/ide/plugins/com.nxp.mcuxpresso.tools.win32_11.5.0.202107051138/tools/bin/../lib/gcc/arm-none-eabi/10.3.1/../../../../arm-none-eabi/lib/thumb/v7e-m+fp/hard\libcr_c.a(_cr_check_heap.o)
 .comment       0x00000049       0x4a c:/nxp/mcuxpressoide_11.5.0_7232/ide/plugins/com.nxp.mcuxpresso.tools.win32_11.5.0.202107051138/tools/bin/../lib/gcc/arm-none-eabi/10.3.1/../../../../arm-none-eabi/lib/thumb/v7e-m+fp/hard\libcr_c.a(_do_fflush.o)
 .comment       0x00000049       0x4a c:/nxp/mcuxpressoide_11.5.0_7232/ide/plugins/com.nxp.mcuxpresso.tools.win32_11.5.0.202107051138/tools/bin/../lib/gcc/arm-none-eabi/10.3.1/thumb/v7e-m+fp/hard\libcr_eabihelpers.a(double.o)
 .comment       0x00000049       0x4a c:/nxp/mcuxpressoide_11.5.0_7232/ide/plugins/com.nxp.mcuxpresso.tools.win32_11.5.0.202107051138/tools/bin/../lib/gcc/arm-none-eabi/10.3.1/thumb/v7e-m+fp/hard\libcr_eabihelpers.a(float.o)
 .comment       0x00000049       0x4a c:/nxp/mcuxpressoide_11.5.0_7232/ide/plugins/com.nxp.mcuxpresso.tools.win32_11.5.0.202107051138/tools/bin/../lib/gcc/arm-none-eabi/10.3.1/../../../../arm-none-eabi/lib/thumb/v7e-m+fp/hard\libcr_nohost_nf.a(__sys_close.o)
 .comment       0x00000049       0x4a c:/nxp/mcuxpressoide_11.5.0_7232/ide/plugins/com.nxp.mcuxpresso.tools.win32_11.5.0.202107051138/tools/bin/../lib/gcc/arm-none-eabi/10.3.1/../../../../arm-none-eabi/lib/thumb/v7e-m+fp/hard\libcr_nohost_nf.a(__sys_flen.o)
 .comment       0x00000049       0x4a c:/nxp/mcuxpressoide_11.5.0_7232/ide/plugins/com.nxp.mcuxpresso.tools.win32_11.5.0.202107051138/tools/bin/../lib/gcc/arm-none-eabi/10.3.1/../../../../arm-none-eabi/lib/thumb/v7e-m+fp/hard\libcr_nohost_nf.a(__sys_istty.o)
 .comment       0x00000049       0x4a c:/nxp/mcuxpressoide_11.5.0_7232/ide/plugins/com.nxp.mcuxpresso.tools.win32_11.5.0.202107051138/tools/bin/../lib/gcc/arm-none-eabi/10.3.1/../../../../arm-none-eabi/lib/thumb/v7e-m+fp/hard\libcr_nohost_nf.a(__sys_remove.o)
 .comment       0x00000049       0x4a c:/nxp/mcuxpressoide_11.5.0_7232/ide/plugins/com.nxp.mcuxpresso.tools.win32_11.5.0.202107051138/tools/bin/../lib/gcc/arm-none-eabi/10.3.1/../../../../arm-none-eabi/lib/thumb/v7e-m+fp/hard\libcr_nohost_nf.a(__sys_seek.o)
 .comment       0x00000049       0x4a c:/nxp/mcuxpressoide_11.5.0_7232/ide/plugins/com.nxp.mcuxpresso.tools.win32_11.5.0.202107051138/tools/bin/../lib/gcc/arm-none-eabi/10.3.1/../../../../arm-none-eabi/lib/thumb/v7e-m+fp/hard\libcr_nohost_nf.a(__sys_tmpnam.o)
 .comment       0x00000049       0x4a c:/nxp/mcuxpressoide_11.5.0_7232/ide/plugins/com.nxp.mcuxpresso.tools.win32_11.5.0.202107051138/tools/bin/../lib/gcc/arm-none-eabi/10.3.1/../../../../arm-none-eabi/lib/thumb/v7e-m+fp/hard\libcr_nohost_nf.a(__sys_write.o)

.ARM.attributes
                0x00000000       0x32
 .ARM.attributes
                0x00000000       0x34 ./startup/startup_mk64f12.o
 .ARM.attributes
                0x00000034       0x34 ./source/ADC.o
 .ARM.attributes
                0x00000068       0x34 ./source/LCD_nokia.o
 .ARM.attributes
                0x0000009c       0x34 ./source/NVIC.o
 .ARM.attributes
                0x000000d0       0x34 ./source/PIT.o
 .ARM.attributes
                0x00000104       0x34 ./source/RGB.o
 .ARM.attributes
                0x00000138       0x34 ./source/SPI.o
 .ARM.attributes
                0x0000016c       0x34 ./source/main.o
 .ARM.attributes
                0x000001a0       0x34 ./source/semihost_hardfault.o
 .ARM.attributes
                0x000001d4       0x34 ./drivers/fsl_adc16.o
 .ARM.attributes
                0x00000208       0x34 ./drivers/fsl_clock.o
 .ARM.attributes
                0x0000023c       0x34 ./drivers/fsl_dspi.o
 .ARM.attributes
                0x00000270       0x34 ./drivers/fsl_gpio.o
 .ARM.attributes
                0x000002a4       0x34 ./drivers/fsl_i2c.o
 .ARM.attributes
                0x000002d8       0x34 ./drivers/fsl_pit.o
 .ARM.attributes
                0x0000030c       0x34 ./drivers/fsl_uart.o
 .ARM.attributes
                0x00000340       0x34 ./device/system_MK64F12.o
 .ARM.attributes
                0x00000374       0x34 ./board/pin_mux.o
 .ARM.attributes
                0x000003a8       0x34 c:/nxp/mcuxpressoide_11.5.0_7232/ide/plugins/com.nxp.mcuxpresso.tools.win32_11.5.0.202107051138/tools/bin/../lib/gcc/arm-none-eabi/10.3.1/../../../../arm-none-eabi/lib/thumb/v7e-m+fp/hard\libcr_nohost_nf.a(_cr__main.o)
 .ARM.attributes
                0x000003dc       0x34 c:/nxp/mcuxpressoide_11.5.0_7232/ide/plugins/com.nxp.mcuxpresso.tools.win32_11.5.0.202107051138/tools/bin/../lib/gcc/arm-none-eabi/10.3.1/../../../../arm-none-eabi/lib/thumb/v7e-m+fp/hard\libcr_nohost_nf.a(_cr_assert.o)
 .ARM.attributes
                0x00000410       0x39 c:/nxp/mcuxpressoide_11.5.0_7232/ide/plugins/com.nxp.mcuxpresso.tools.win32_11.5.0.202107051138/tools/bin/../lib/gcc/arm-none-eabi/10.3.1/../../../../arm-none-eabi/lib/thumb/v7e-m+fp/hard\libcr_nohost_nf.a(__ciob.o)
 .ARM.attributes
                0x00000449       0x34 c:/nxp/mcuxpressoide_11.5.0_7232/ide/plugins/com.nxp.mcuxpresso.tools.win32_11.5.0.202107051138/tools/bin/../lib/gcc/arm-none-eabi/10.3.1/../../../../arm-none-eabi/lib/thumb/v7e-m+fp/hard\libcr_nohost_nf.a(__sys_appexit.o)
 .ARM.attributes
                0x0000047d       0x34 c:/nxp/mcuxpressoide_11.5.0_7232/ide/plugins/com.nxp.mcuxpresso.tools.win32_11.5.0.202107051138/tools/bin/../lib/gcc/arm-none-eabi/10.3.1/../../../../arm-none-eabi/lib/thumb/v7e-m+fp/hard\libcr_c.a(memset.o)
 .ARM.attributes
                0x000004b1       0x34 c:/nxp/mcuxpressoide_11.5.0_7232/ide/plugins/com.nxp.mcuxpresso.tools.win32_11.5.0.202107051138/tools/bin/../lib/gcc/arm-none-eabi/10.3.1/../../../../arm-none-eabi/lib/thumb/v7e-m+fp/hard\libcr_c.a(_deferredlazyseek.o)
 .ARM.attributes
                0x000004e5       0x34 c:/nxp/mcuxpressoide_11.5.0_7232/ide/plugins/com.nxp.mcuxpresso.tools.win32_11.5.0.202107051138/tools/bin/../lib/gcc/arm-none-eabi/10.3.1/../../../../arm-none-eabi/lib/thumb/v7e-m+fp/hard\libcr_c.a(_fflush.o)
 .ARM.attributes
                0x00000519       0x34 c:/nxp/mcuxpressoide_11.5.0_7232/ide/plugins/com.nxp.mcuxpresso.tools.win32_11.5.0.202107051138/tools/bin/../lib/gcc/arm-none-eabi/10.3.1/../../../../arm-none-eabi/lib/thumb/v7e-m+fp/hard\libcr_c.a(_writebuf.o)
 .ARM.attributes
                0x0000054d       0x34 c:/nxp/mcuxpressoide_11.5.0_7232/ide/plugins/com.nxp.mcuxpresso.tools.win32_11.5.0.202107051138/tools/bin/../lib/gcc/arm-none-eabi/10.3.1/../../../../arm-none-eabi/lib/thumb/v7e-m+fp/hard\libcr_c.a(alloc.o)
 .ARM.attributes
                0x00000581       0x39 c:/nxp/mcuxpressoide_11.5.0_7232/ide/plugins/com.nxp.mcuxpresso.tools.win32_11.5.0.202107051138/tools/bin/../lib/gcc/arm-none-eabi/10.3.1/../../../../arm-none-eabi/lib/thumb/v7e-m+fp/hard\libcr_c.a(errno.o)
 .ARM.attributes
                0x000005ba       0x34 c:/nxp/mcuxpressoide_11.5.0_7232/ide/plugins/com.nxp.mcuxpresso.tools.win32_11.5.0.202107051138/tools/bin/../lib/gcc/arm-none-eabi/10.3.1/../../../../arm-none-eabi/lib/thumb/v7e-m+fp/hard\libcr_c.a(fputs.o)
 .ARM.attributes
                0x000005ee       0x34 c:/nxp/mcuxpressoide_11.5.0_7232/ide/plugins/com.nxp.mcuxpresso.tools.win32_11.5.0.202107051138/tools/bin/../lib/gcc/arm-none-eabi/10.3.1/../../../../arm-none-eabi/lib/thumb/v7e-m+fp/hard\libcr_c.a(fseek.o)
 .ARM.attributes
                0x00000622       0x34 c:/nxp/mcuxpressoide_11.5.0_7232/ide/plugins/com.nxp.mcuxpresso.tools.win32_11.5.0.202107051138/tools/bin/../lib/gcc/arm-none-eabi/10.3.1/../../../../arm-none-eabi/lib/thumb/v7e-m+fp/hard\libcr_c.a(ftell.o)
 .ARM.attributes
                0x00000656       0x34 c:/nxp/mcuxpressoide_11.5.0_7232/ide/plugins/com.nxp.mcuxpresso.tools.win32_11.5.0.202107051138/tools/bin/../lib/gcc/arm-none-eabi/10.3.1/../../../../arm-none-eabi/lib/thumb/v7e-m+fp/hard\libcr_c.a(initio.o)
 .ARM.attributes
                0x0000068a       0x34 c:/nxp/mcuxpressoide_11.5.0_7232/ide/plugins/com.nxp.mcuxpresso.tools.win32_11.5.0.202107051138/tools/bin/../lib/gcc/arm-none-eabi/10.3.1/../../../../arm-none-eabi/lib/thumb/v7e-m+fp/hard\libcr_c.a(setvbuf.o)
 .ARM.attributes
                0x000006be       0x34 c:/nxp/mcuxpressoide_11.5.0_7232/ide/plugins/com.nxp.mcuxpresso.tools.win32_11.5.0.202107051138/tools/bin/../lib/gcc/arm-none-eabi/10.3.1/../../../../arm-none-eabi/lib/thumb/v7e-m+fp/hard\libcr_c.a(strlen.o)
 .ARM.attributes
                0x000006f2       0x34 c:/nxp/mcuxpressoide_11.5.0_7232/ide/plugins/com.nxp.mcuxpresso.tools.win32_11.5.0.202107051138/tools/bin/../lib/gcc/arm-none-eabi/10.3.1/../../../../arm-none-eabi/lib/thumb/v7e-m+fp/hard\libcr_c.a(__init_alloc.o)
 .ARM.attributes