C:\PROJECTS\PDS_P4\Guitar_Strings\CMSIS/core_cm4.h:1679:22:__NVIC_EnableIRQ	16	static
C:\PROJECTS\PDS_P4\Guitar_Strings\drivers/fsl_common_arm.h:499:24:EnableIRQ	24	static
C:\PROJECTS\PDS_P4\Guitar_Strings\drivers/fsl_pit.h:159:20:PIT_EnableInterrupts	24	static
C:\PROJECTS\PDS_P4\Guitar_Strings\drivers/fsl_pit.h:220:20:PIT_ClearStatusFlags	24	static
C:\PROJECTS\PDS_P4\Guitar_Strings\drivers/fsl_pit.h:246:20:PIT_SetTimerPeriod	24	static
C:\PROJECTS\PDS_P4\Guitar_Strings\drivers/fsl_pit.h:288:20:PIT_StartTimer	16	static
../source/PIT.c:14:6:PIT0_IRQHandler	8	static
../source/PIT.c:22:6:PIT1_IRQHandler	8	static
../source/PIT.c:30:6:PIT_callback_init	16	static
../source/PIT.c:43:6:configureTimer	40	static
../source/PIT.c:66:6:setFlagTimer	4	static
../source/PIT.c:70:6:clearFlagTimer	4	static
../source/PIT.c:75:11:readFlagTimer	4	static
